<?xml version="1.0" encoding="ISO-8859-1" ?>
<link_info>
   <banner>TI ARM Clang Linker PC v4.0.1.LTS</banner>
   <copyright>Copyright (c) 1996-2018 Texas Instruments Incorporated</copyright>
   <command_line>C:\ti\ccs2000\ccs\tools\compiler\ti-cgt-armllvm_4.0.1.LTS\bin\tiarmlnk -IC:\ti\ccs2000\ccs\tools\compiler\ti-cgt-armllvm_4.0.1.LTS\lib -o ECE319K_Lab9H.out -mECE319K_Lab9H.map --heap_size=512 --stack_size=512 -iC:/Users/aaron/OneDrive/Desktop/MSPM0_ValvanoWare/ECE319K_Lab9H/Debug/syscfg -iC:/ti/ccs2000/ccs/tools/compiler/ti-cgt-armllvm_4.0.1.LTS/lib --diag_wrap=off --display_error_number --warn_sections --xml_link_info=ECE319K_Lab9H_linkInfo.xml --rom_model ./Clock.o ./DAC5.o ./LED.o ./Lab9HMain.o ./LaunchPad.o ./MovementMechanics.o ./MyADC.o ./OurJoystick.o ./PokemonMechanics.o ./SPI.o ./ST7735.o ./SlidePot.o ./SmallFont.o ./Sound.o ./Switch.o ./TExaS.o ./Timer.o ./images/pipedreams/PipeSound.o ./ticlang/startup_mspm0g3507_ticlang.o ../mspm0g3507.cmd -lC:/ti/mspm0_sdk_2_03_00_07/source/ti/driverlib/lib/ticlang/m0p/mspm0g1x0x_g3x0x/driverlib.a -llibc.a --start-group -llibc++.a -llibc++abi.a -llibc.a -llibsys.a -llibsysbm.a -llibclang_rt.builtins.a -llibclang_rt.profile.a --end-group --cg_opt_level=0</command_line>
   <link_time>0x680966d3</link_time>
   <link_errors>0x0</link_errors>
   <output_file>C:\Users\aaron\OneDrive\Desktop\MSPM0_ValvanoWare\ECE319K_Lab9H\Debug\ECE319K_Lab9H.out</output_file>
   <entry_point>
      <name>_c_int00_noargs</name>
      <address>0x1c3fd</address>
   </entry_point>
   <input_file_list>
      <input_file id="fl-1">
         <path>C:\Users\aaron\OneDrive\Desktop\MSPM0_ValvanoWare\ECE319K_Lab9H\Debug\.\</path>
         <kind>object</kind>
         <file>Clock.o</file>
         <name>Clock.o</name>
      </input_file>
      <input_file id="fl-2">
         <path>C:\Users\aaron\OneDrive\Desktop\MSPM0_ValvanoWare\ECE319K_Lab9H\Debug\.\</path>
         <kind>object</kind>
         <file>DAC5.o</file>
         <name>DAC5.o</name>
      </input_file>
      <input_file id="fl-3">
         <path>C:\Users\aaron\OneDrive\Desktop\MSPM0_ValvanoWare\ECE319K_Lab9H\Debug\.\</path>
         <kind>object</kind>
         <file>LED.o</file>
         <name>LED.o</name>
      </input_file>
      <input_file id="fl-4">
         <path>C:\Users\aaron\OneDrive\Desktop\MSPM0_ValvanoWare\ECE319K_Lab9H\Debug\.\</path>
         <kind>object</kind>
         <file>Lab9HMain.o</file>
         <name>Lab9HMain.o</name>
      </input_file>
      <input_file id="fl-5">
         <path>C:\Users\aaron\OneDrive\Desktop\MSPM0_ValvanoWare\ECE319K_Lab9H\Debug\.\</path>
         <kind>object</kind>
         <file>LaunchPad.o</file>
         <name>LaunchPad.o</name>
      </input_file>
      <input_file id="fl-6">
         <path>C:\Users\aaron\OneDrive\Desktop\MSPM0_ValvanoWare\ECE319K_Lab9H\Debug\.\</path>
         <kind>object</kind>
         <file>MovementMechanics.o</file>
         <name>MovementMechanics.o</name>
      </input_file>
      <input_file id="fl-7">
         <path>C:\Users\aaron\OneDrive\Desktop\MSPM0_ValvanoWare\ECE319K_Lab9H\Debug\.\</path>
         <kind>object</kind>
         <file>MyADC.o</file>
         <name>MyADC.o</name>
      </input_file>
      <input_file id="fl-8">
         <path>C:\Users\aaron\OneDrive\Desktop\MSPM0_ValvanoWare\ECE319K_Lab9H\Debug\.\</path>
         <kind>object</kind>
         <file>OurJoystick.o</file>
         <name>OurJoystick.o</name>
      </input_file>
      <input_file id="fl-9">
         <path>C:\Users\aaron\OneDrive\Desktop\MSPM0_ValvanoWare\ECE319K_Lab9H\Debug\.\</path>
         <kind>object</kind>
         <file>PokemonMechanics.o</file>
         <name>PokemonMechanics.o</name>
      </input_file>
      <input_file id="fl-a">
         <path>C:\Users\aaron\OneDrive\Desktop\MSPM0_ValvanoWare\ECE319K_Lab9H\Debug\.\</path>
         <kind>object</kind>
         <file>SPI.o</file>
         <name>SPI.o</name>
      </input_file>
      <input_file id="fl-b">
         <path>C:\Users\aaron\OneDrive\Desktop\MSPM0_ValvanoWare\ECE319K_Lab9H\Debug\.\</path>
         <kind>object</kind>
         <file>ST7735.o</file>
         <name>ST7735.o</name>
      </input_file>
      <input_file id="fl-c">
         <path>C:\Users\aaron\OneDrive\Desktop\MSPM0_ValvanoWare\ECE319K_Lab9H\Debug\.\</path>
         <kind>object</kind>
         <file>SlidePot.o</file>
         <name>SlidePot.o</name>
      </input_file>
      <input_file id="fl-d">
         <path>C:\Users\aaron\OneDrive\Desktop\MSPM0_ValvanoWare\ECE319K_Lab9H\Debug\.\</path>
         <kind>object</kind>
         <file>SmallFont.o</file>
         <name>SmallFont.o</name>
      </input_file>
      <input_file id="fl-e">
         <path>C:\Users\aaron\OneDrive\Desktop\MSPM0_ValvanoWare\ECE319K_Lab9H\Debug\.\</path>
         <kind>object</kind>
         <file>Sound.o</file>
         <name>Sound.o</name>
      </input_file>
      <input_file id="fl-f">
         <path>C:\Users\aaron\OneDrive\Desktop\MSPM0_ValvanoWare\ECE319K_Lab9H\Debug\.\</path>
         <kind>object</kind>
         <file>Switch.o</file>
         <name>Switch.o</name>
      </input_file>
      <input_file id="fl-10">
         <path>C:\Users\aaron\OneDrive\Desktop\MSPM0_ValvanoWare\ECE319K_Lab9H\Debug\.\</path>
         <kind>object</kind>
         <file>TExaS.o</file>
         <name>TExaS.o</name>
      </input_file>
      <input_file id="fl-11">
         <path>C:\Users\aaron\OneDrive\Desktop\MSPM0_ValvanoWare\ECE319K_Lab9H\Debug\.\</path>
         <kind>object</kind>
         <file>Timer.o</file>
         <name>Timer.o</name>
      </input_file>
      <input_file id="fl-12">
         <path>C:\Users\aaron\OneDrive\Desktop\MSPM0_ValvanoWare\ECE319K_Lab9H\Debug\.\images\pipedreams\</path>
         <kind>object</kind>
         <file>PipeSound.o</file>
         <name>PipeSound.o</name>
      </input_file>
      <input_file id="fl-13">
         <path>C:\Users\aaron\OneDrive\Desktop\MSPM0_ValvanoWare\ECE319K_Lab9H\Debug\.\ticlang\</path>
         <kind>object</kind>
         <file>startup_mspm0g3507_ticlang.o</file>
         <name>startup_mspm0g3507_ticlang.o</name>
      </input_file>
      <input_file id="fl-1f">
         <path>C:\Users\aaron\OneDrive\Desktop\MSPM0_ValvanoWare\ECE319K_Lab9H\Debug\</path>
         <kind>object</kind>
         <file>&lt;internal&gt;</file>
         <name>&lt;internal&gt;</name>
      </input_file>
      <input_file id="fl-34">
         <path>C:\ti\ccs2000\ccs\tools\compiler\ti-cgt-armllvm_4.0.1.LTS\lib\armv6m-ti-none-eabi\c\</path>
         <kind>archive</kind>
         <file>libc.a</file>
         <name>e_atan2.c.obj</name>
      </input_file>
      <input_file id="fl-35">
         <path>C:\ti\ccs2000\ccs\tools\compiler\ti-cgt-armllvm_4.0.1.LTS\lib\armv6m-ti-none-eabi\c\</path>
         <kind>archive</kind>
         <file>libc.a</file>
         <name>s_atan.c.obj</name>
      </input_file>
      <input_file id="fl-36">
         <path>C:\ti\ccs2000\ccs\tools\compiler\ti-cgt-armllvm_4.0.1.LTS\lib\armv6m-ti-none-eabi\c\</path>
         <kind>archive</kind>
         <file>libc.a</file>
         <name>fopen.c.obj</name>
      </input_file>
      <input_file id="fl-37">
         <path>C:\ti\ccs2000\ccs\tools\compiler\ti-cgt-armllvm_4.0.1.LTS\lib\armv6m-ti-none-eabi\c\</path>
         <kind>archive</kind>
         <file>libc.a</file>
         <name>setvbuf.c.obj</name>
      </input_file>
      <input_file id="fl-38">
         <path>C:\ti\ccs2000\ccs\tools\compiler\ti-cgt-armllvm_4.0.1.LTS\lib\armv6m-ti-none-eabi\c\</path>
         <kind>archive</kind>
         <file>libc.a</file>
         <name>aeabi_portable.c.obj</name>
      </input_file>
      <input_file id="fl-39">
         <path>C:\ti\ccs2000\ccs\tools\compiler\ti-cgt-armllvm_4.0.1.LTS\lib\armv6m-ti-none-eabi\c\</path>
         <kind>archive</kind>
         <file>libc.a</file>
         <name>exit.c.obj</name>
      </input_file>
      <input_file id="fl-3a">
         <path>C:\ti\ccs2000\ccs\tools\compiler\ti-cgt-armllvm_4.0.1.LTS\lib\armv6m-ti-none-eabi\c\</path>
         <kind>archive</kind>
         <file>libc.a</file>
         <name>_lock.c.obj</name>
      </input_file>
      <input_file id="fl-3b">
         <path>C:\ti\ccs2000\ccs\tools\compiler\ti-cgt-armllvm_4.0.1.LTS\lib\armv6m-ti-none-eabi\c\</path>
         <kind>archive</kind>
         <file>libc.a</file>
         <name>assert.c.obj</name>
      </input_file>
      <input_file id="fl-3c">
         <path>C:\ti\ccs2000\ccs\tools\compiler\ti-cgt-armllvm_4.0.1.LTS\lib\armv6m-ti-none-eabi\c\</path>
         <kind>archive</kind>
         <file>libc.a</file>
         <name>defs.c.obj</name>
      </input_file>
      <input_file id="fl-3d">
         <path>C:\ti\ccs2000\ccs\tools\compiler\ti-cgt-armllvm_4.0.1.LTS\lib\armv6m-ti-none-eabi\c\</path>
         <kind>archive</kind>
         <file>libc.a</file>
         <name>memory.c.obj</name>
      </input_file>
      <input_file id="fl-3e">
         <path>C:\ti\ccs2000\ccs\tools\compiler\ti-cgt-armllvm_4.0.1.LTS\lib\armv6m-ti-none-eabi\c\</path>
         <kind>archive</kind>
         <file>libc.a</file>
         <name>copy_zero_init.c.obj</name>
      </input_file>
      <input_file id="fl-3f">
         <path>C:\ti\ccs2000\ccs\tools\compiler\ti-cgt-armllvm_4.0.1.LTS\lib\armv6m-ti-none-eabi\c\</path>
         <kind>archive</kind>
         <file>libc.a</file>
         <name>copy_decompress_none.c.obj</name>
      </input_file>
      <input_file id="fl-40">
         <path>C:\ti\ccs2000\ccs\tools\compiler\ti-cgt-armllvm_4.0.1.LTS\lib\armv6m-ti-none-eabi\c\</path>
         <kind>archive</kind>
         <file>libc.a</file>
         <name>copy_decompress_lzss.c.obj</name>
      </input_file>
      <input_file id="fl-41">
         <path>C:\ti\ccs2000\ccs\tools\compiler\ti-cgt-armllvm_4.0.1.LTS\lib\armv6m-ti-none-eabi\c\</path>
         <kind>archive</kind>
         <file>libc.a</file>
         <name>boot_cortex_m.c.obj</name>
      </input_file>
      <input_file id="fl-42">
         <path>C:\ti\ccs2000\ccs\tools\compiler\ti-cgt-armllvm_4.0.1.LTS\lib\armv6m-ti-none-eabi\c\</path>
         <kind>archive</kind>
         <file>libc.a</file>
         <name>mathacl_init.c.obj</name>
      </input_file>
      <input_file id="fl-43">
         <path>C:\ti\ccs2000\ccs\tools\compiler\ti-cgt-armllvm_4.0.1.LTS\lib\armv6m-ti-none-eabi\c\</path>
         <kind>archive</kind>
         <file>libc.a</file>
         <name>sprintf.c.obj</name>
      </input_file>
      <input_file id="fl-44">
         <path>C:\ti\ccs2000\ccs\tools\compiler\ti-cgt-armllvm_4.0.1.LTS\lib\armv6m-ti-none-eabi\c\</path>
         <kind>archive</kind>
         <file>libc.a</file>
         <name>fclose.c.obj</name>
      </input_file>
      <input_file id="fl-45">
         <path>C:\ti\ccs2000\ccs\tools\compiler\ti-cgt-armllvm_4.0.1.LTS\lib\armv6m-ti-none-eabi\c\</path>
         <kind>archive</kind>
         <file>libc.a</file>
         <name>fflush.c.obj</name>
      </input_file>
      <input_file id="fl-46">
         <path>C:\ti\ccs2000\ccs\tools\compiler\ti-cgt-armllvm_4.0.1.LTS\lib\armv6m-ti-none-eabi\c\</path>
         <kind>archive</kind>
         <file>libc.a</file>
         <name>fputs.c.obj</name>
      </input_file>
      <input_file id="fl-47">
         <path>C:\ti\ccs2000\ccs\tools\compiler\ti-cgt-armllvm_4.0.1.LTS\lib\armv6m-ti-none-eabi\c\</path>
         <kind>archive</kind>
         <file>libc.a</file>
         <name>_io_perm.c.obj</name>
      </input_file>
      <input_file id="fl-48">
         <path>C:\ti\ccs2000\ccs\tools\compiler\ti-cgt-armllvm_4.0.1.LTS\lib\armv6m-ti-none-eabi\c\</path>
         <kind>archive</kind>
         <file>libc.a</file>
         <name>args_main.c.obj</name>
      </input_file>
      <input_file id="fl-49">
         <path>C:\ti\ccs2000\ccs\tools\compiler\ti-cgt-armllvm_4.0.1.LTS\lib\armv6m-ti-none-eabi\c\</path>
         <kind>archive</kind>
         <file>libc.a</file>
         <name>autoinit.c.obj</name>
      </input_file>
      <input_file id="fl-4a">
         <path>C:\ti\ccs2000\ccs\tools\compiler\ti-cgt-armllvm_4.0.1.LTS\lib\armv6m-ti-none-eabi\c\</path>
         <kind>archive</kind>
         <file>libc.a</file>
         <name>pre_init.c.obj</name>
      </input_file>
      <input_file id="fl-4b">
         <path>C:\ti\ccs2000\ccs\tools\compiler\ti-cgt-armllvm_4.0.1.LTS\lib\armv6m-ti-none-eabi\c\</path>
         <kind>archive</kind>
         <file>libc.a</file>
         <name>cpy_tbl.c.obj</name>
      </input_file>
      <input_file id="fl-4c">
         <path>C:\ti\ccs2000\ccs\tools\compiler\ti-cgt-armllvm_4.0.1.LTS\lib\armv6m-ti-none-eabi\c\</path>
         <kind>archive</kind>
         <file>libc.a</file>
         <name>_printfi.c.obj</name>
      </input_file>
      <input_file id="fl-4d">
         <path>C:\ti\ccs2000\ccs\tools\compiler\ti-cgt-armllvm_4.0.1.LTS\lib\armv6m-ti-none-eabi\c\</path>
         <kind>archive</kind>
         <file>libc.a</file>
         <name>fseek.c.obj</name>
      </input_file>
      <input_file id="fl-4e">
         <path>C:\ti\ccs2000\ccs\tools\compiler\ti-cgt-armllvm_4.0.1.LTS\lib\armv6m-ti-none-eabi\c\</path>
         <kind>archive</kind>
         <file>libc.a</file>
         <name>wcslen.c.obj</name>
      </input_file>
      <input_file id="fl-4f">
         <path>C:\ti\ccs2000\ccs\tools\compiler\ti-cgt-armllvm_4.0.1.LTS\lib\armv6m-ti-none-eabi\c\</path>
         <kind>archive</kind>
         <file>libc.a</file>
         <name>_ltoa.c.obj</name>
      </input_file>
      <input_file id="fl-50">
         <path>C:\ti\ccs2000\ccs\tools\compiler\ti-cgt-armllvm_4.0.1.LTS\lib\armv6m-ti-none-eabi\c\</path>
         <kind>archive</kind>
         <file>libc.a</file>
         <name>atoi.c.obj</name>
      </input_file>
      <input_file id="fl-51">
         <path>C:\ti\ccs2000\ccs\tools\compiler\ti-cgt-armllvm_4.0.1.LTS\lib\armv6m-ti-none-eabi\c\</path>
         <kind>archive</kind>
         <file>libc.a</file>
         <name>memccpy.c.obj</name>
      </input_file>
      <input_file id="fl-52">
         <path>C:\ti\ccs2000\ccs\tools\compiler\ti-cgt-armllvm_4.0.1.LTS\lib\armv6m-ti-none-eabi\c\</path>
         <kind>archive</kind>
         <file>libc.a</file>
         <name>s_frexp.c.obj</name>
      </input_file>
      <input_file id="fl-53">
         <path>C:\ti\ccs2000\ccs\tools\compiler\ti-cgt-armllvm_4.0.1.LTS\lib\armv6m-ti-none-eabi\c\</path>
         <kind>archive</kind>
         <file>libc.a</file>
         <name>s_scalbn.c.obj</name>
      </input_file>
      <input_file id="fl-54">
         <path>C:\ti\ccs2000\ccs\tools\compiler\ti-cgt-armllvm_4.0.1.LTS\lib\armv6m-ti-none-eabi\c\</path>
         <kind>archive</kind>
         <file>libc.a</file>
         <name>aeabi_ctype.S.obj</name>
      </input_file>
      <input_file id="fl-ea">
         <path>C:\ti\ccs2000\ccs\tools\compiler\ti-cgt-armllvm_4.0.1.LTS\lib\armv6m-ti-none-eabi\c\</path>
         <kind>archive</kind>
         <file>libsysbm.a</file>
         <name>write.c.obj</name>
      </input_file>
      <input_file id="fl-eb">
         <path>C:\ti\ccs2000\ccs\tools\compiler\ti-cgt-armllvm_4.0.1.LTS\lib\armv6m-ti-none-eabi\c\</path>
         <kind>archive</kind>
         <file>libsysbm.a</file>
         <name>host_device.c.obj</name>
      </input_file>
      <input_file id="fl-ec">
         <path>C:\ti\ccs2000\ccs\tools\compiler\ti-cgt-armllvm_4.0.1.LTS\lib\armv6m-ti-none-eabi\c\</path>
         <kind>archive</kind>
         <file>libsysbm.a</file>
         <name>remove.c.obj</name>
      </input_file>
      <input_file id="fl-ed">
         <path>C:\ti\ccs2000\ccs\tools\compiler\ti-cgt-armllvm_4.0.1.LTS\lib\armv6m-ti-none-eabi\c\</path>
         <kind>archive</kind>
         <file>libsysbm.a</file>
         <name>open.c.obj</name>
      </input_file>
      <input_file id="fl-ee">
         <path>C:\ti\ccs2000\ccs\tools\compiler\ti-cgt-armllvm_4.0.1.LTS\lib\armv6m-ti-none-eabi\c\</path>
         <kind>archive</kind>
         <file>libsysbm.a</file>
         <name>lseek.c.obj</name>
      </input_file>
      <input_file id="fl-ef">
         <path>C:\ti\ccs2000\ccs\tools\compiler\ti-cgt-armllvm_4.0.1.LTS\lib\armv6m-ti-none-eabi\c\</path>
         <kind>archive</kind>
         <file>libsysbm.a</file>
         <name>close.c.obj</name>
      </input_file>
      <input_file id="fl-f0">
         <path>C:\ti\ccs2000\ccs\tools\compiler\ti-cgt-armllvm_4.0.1.LTS\lib\armv6m-ti-none-eabi\c\</path>
         <kind>archive</kind>
         <file>libsysbm.a</file>
         <name>add_device.c.obj</name>
      </input_file>
      <input_file id="fl-f1">
         <path>C:\ti\ccs2000\ccs\tools\compiler\ti-cgt-armllvm_4.0.1.LTS\lib\armv6m-ti-none-eabi\c\</path>
         <kind>archive</kind>
         <file>libsysbm.a</file>
         <name>unlink.c.obj</name>
      </input_file>
      <input_file id="fl-f2">
         <path>C:\ti\ccs2000\ccs\tools\compiler\ti-cgt-armllvm_4.0.1.LTS\lib\armv6m-ti-none-eabi\c\</path>
         <kind>archive</kind>
         <file>libsysbm.a</file>
         <name>hostclose.c.obj</name>
      </input_file>
      <input_file id="fl-f3">
         <path>C:\ti\ccs2000\ccs\tools\compiler\ti-cgt-armllvm_4.0.1.LTS\lib\armv6m-ti-none-eabi\c\</path>
         <kind>archive</kind>
         <file>libsysbm.a</file>
         <name>hostlseek.c.obj</name>
      </input_file>
      <input_file id="fl-f4">
         <path>C:\ti\ccs2000\ccs\tools\compiler\ti-cgt-armllvm_4.0.1.LTS\lib\armv6m-ti-none-eabi\c\</path>
         <kind>archive</kind>
         <file>libsysbm.a</file>
         <name>hostopen.c.obj</name>
      </input_file>
      <input_file id="fl-f5">
         <path>C:\ti\ccs2000\ccs\tools\compiler\ti-cgt-armllvm_4.0.1.LTS\lib\armv6m-ti-none-eabi\c\</path>
         <kind>archive</kind>
         <file>libsysbm.a</file>
         <name>hostread.c.obj</name>
      </input_file>
      <input_file id="fl-f6">
         <path>C:\ti\ccs2000\ccs\tools\compiler\ti-cgt-armllvm_4.0.1.LTS\lib\armv6m-ti-none-eabi\c\</path>
         <kind>archive</kind>
         <file>libsysbm.a</file>
         <name>hostrename.c.obj</name>
      </input_file>
      <input_file id="fl-f7">
         <path>C:\ti\ccs2000\ccs\tools\compiler\ti-cgt-armllvm_4.0.1.LTS\lib\armv6m-ti-none-eabi\c\</path>
         <kind>archive</kind>
         <file>libsysbm.a</file>
         <name>hostunlink.c.obj</name>
      </input_file>
      <input_file id="fl-f8">
         <path>C:\ti\ccs2000\ccs\tools\compiler\ti-cgt-armllvm_4.0.1.LTS\lib\armv6m-ti-none-eabi\c\</path>
         <kind>archive</kind>
         <file>libsysbm.a</file>
         <name>hostwrite.c.obj</name>
      </input_file>
      <input_file id="fl-f9">
         <path>C:\ti\ccs2000\ccs\tools\compiler\ti-cgt-armllvm_4.0.1.LTS\lib\armv6m-ti-none-eabi\c\</path>
         <kind>archive</kind>
         <file>libsysbm.a</file>
         <name>trgmsg.c.obj</name>
      </input_file>
      <input_file id="fl-fa">
         <path>C:\ti\ccs2000\ccs\tools\compiler\ti-cgt-armllvm_4.0.1.LTS\lib\armv6m-ti-none-eabi\</path>
         <kind>archive</kind>
         <file>libclang_rt.builtins.a</file>
         <name>addsf3.S.obj</name>
      </input_file>
      <input_file id="fl-fb">
         <path>C:\ti\ccs2000\ccs\tools\compiler\ti-cgt-armllvm_4.0.1.LTS\lib\armv6m-ti-none-eabi\</path>
         <kind>archive</kind>
         <file>libclang_rt.builtins.a</file>
         <name>adddf3.S.obj</name>
      </input_file>
      <input_file id="fl-fc">
         <path>C:\ti\ccs2000\ccs\tools\compiler\ti-cgt-armllvm_4.0.1.LTS\lib\armv6m-ti-none-eabi\</path>
         <kind>archive</kind>
         <file>libclang_rt.builtins.a</file>
         <name>muldf3.S.obj</name>
      </input_file>
      <input_file id="fl-fd">
         <path>C:\ti\ccs2000\ccs\tools\compiler\ti-cgt-armllvm_4.0.1.LTS\lib\armv6m-ti-none-eabi\</path>
         <kind>archive</kind>
         <file>libclang_rt.builtins.a</file>
         <name>muldsi3.S.obj</name>
      </input_file>
      <input_file id="fl-fe">
         <path>C:\ti\ccs2000\ccs\tools\compiler\ti-cgt-armllvm_4.0.1.LTS\lib\armv6m-ti-none-eabi\</path>
         <kind>archive</kind>
         <file>libclang_rt.builtins.a</file>
         <name>divsf3.S.obj</name>
      </input_file>
      <input_file id="fl-ff">
         <path>C:\ti\ccs2000\ccs\tools\compiler\ti-cgt-armllvm_4.0.1.LTS\lib\armv6m-ti-none-eabi\</path>
         <kind>archive</kind>
         <file>libclang_rt.builtins.a</file>
         <name>divdf3.S.obj</name>
      </input_file>
      <input_file id="fl-100">
         <path>C:\ti\ccs2000\ccs\tools\compiler\ti-cgt-armllvm_4.0.1.LTS\lib\armv6m-ti-none-eabi\</path>
         <kind>archive</kind>
         <file>libclang_rt.builtins.a</file>
         <name>fixdfsi.S.obj</name>
      </input_file>
      <input_file id="fl-101">
         <path>C:\ti\ccs2000\ccs\tools\compiler\ti-cgt-armllvm_4.0.1.LTS\lib\armv6m-ti-none-eabi\</path>
         <kind>archive</kind>
         <file>libclang_rt.builtins.a</file>
         <name>fixsfsi.S.obj</name>
      </input_file>
      <input_file id="fl-102">
         <path>C:\ti\ccs2000\ccs\tools\compiler\ti-cgt-armllvm_4.0.1.LTS\lib\armv6m-ti-none-eabi\</path>
         <kind>archive</kind>
         <file>libclang_rt.builtins.a</file>
         <name>fixunsdfsi.S.obj</name>
      </input_file>
      <input_file id="fl-103">
         <path>C:\ti\ccs2000\ccs\tools\compiler\ti-cgt-armllvm_4.0.1.LTS\lib\armv6m-ti-none-eabi\</path>
         <kind>archive</kind>
         <file>libclang_rt.builtins.a</file>
         <name>floatsidf.S.obj</name>
      </input_file>
      <input_file id="fl-104">
         <path>C:\ti\ccs2000\ccs\tools\compiler\ti-cgt-armllvm_4.0.1.LTS\lib\armv6m-ti-none-eabi\</path>
         <kind>archive</kind>
         <file>libclang_rt.builtins.a</file>
         <name>floatunsidf.S.obj</name>
      </input_file>
      <input_file id="fl-105">
         <path>C:\ti\ccs2000\ccs\tools\compiler\ti-cgt-armllvm_4.0.1.LTS\lib\armv6m-ti-none-eabi\</path>
         <kind>archive</kind>
         <file>libclang_rt.builtins.a</file>
         <name>muldi3.S.obj</name>
      </input_file>
      <input_file id="fl-106">
         <path>C:\ti\ccs2000\ccs\tools\compiler\ti-cgt-armllvm_4.0.1.LTS\lib\armv6m-ti-none-eabi\</path>
         <kind>archive</kind>
         <file>libclang_rt.builtins.a</file>
         <name>truncdfsf2.S.obj</name>
      </input_file>
      <input_file id="fl-107">
         <path>C:\ti\ccs2000\ccs\tools\compiler\ti-cgt-armllvm_4.0.1.LTS\lib\armv6m-ti-none-eabi\</path>
         <kind>archive</kind>
         <file>libclang_rt.builtins.a</file>
         <name>aeabi_dcmp.S.obj</name>
      </input_file>
      <input_file id="fl-108">
         <path>C:\ti\ccs2000\ccs\tools\compiler\ti-cgt-armllvm_4.0.1.LTS\lib\armv6m-ti-none-eabi\</path>
         <kind>archive</kind>
         <file>libclang_rt.builtins.a</file>
         <name>aeabi_fcmp.S.obj</name>
      </input_file>
      <input_file id="fl-109">
         <path>C:\ti\ccs2000\ccs\tools\compiler\ti-cgt-armllvm_4.0.1.LTS\lib\armv6m-ti-none-eabi\</path>
         <kind>archive</kind>
         <file>libclang_rt.builtins.a</file>
         <name>aeabi_idivmod.S.obj</name>
      </input_file>
      <input_file id="fl-10a">
         <path>C:\ti\ccs2000\ccs\tools\compiler\ti-cgt-armllvm_4.0.1.LTS\lib\armv6m-ti-none-eabi\</path>
         <kind>archive</kind>
         <file>libclang_rt.builtins.a</file>
         <name>aeabi_memcpy.S.obj</name>
      </input_file>
      <input_file id="fl-10b">
         <path>C:\ti\ccs2000\ccs\tools\compiler\ti-cgt-armllvm_4.0.1.LTS\lib\armv6m-ti-none-eabi\</path>
         <kind>archive</kind>
         <file>libclang_rt.builtins.a</file>
         <name>aeabi_memset.S.obj</name>
      </input_file>
      <input_file id="fl-10c">
         <path>C:\ti\ccs2000\ccs\tools\compiler\ti-cgt-armllvm_4.0.1.LTS\lib\armv6m-ti-none-eabi\</path>
         <kind>archive</kind>
         <file>libclang_rt.builtins.a</file>
         <name>aeabi_uidivmod.S.obj</name>
      </input_file>
      <input_file id="fl-10d">
         <path>C:\ti\ccs2000\ccs\tools\compiler\ti-cgt-armllvm_4.0.1.LTS\lib\armv6m-ti-none-eabi\</path>
         <kind>archive</kind>
         <file>libclang_rt.builtins.a</file>
         <name>aeabi_uldivmod.S.obj</name>
      </input_file>
      <input_file id="fl-10e">
         <path>C:\ti\ccs2000\ccs\tools\compiler\ti-cgt-armllvm_4.0.1.LTS\lib\armv6m-ti-none-eabi\</path>
         <kind>archive</kind>
         <file>libclang_rt.builtins.a</file>
         <name>comparesf2.S.obj</name>
      </input_file>
      <input_file id="fl-10f">
         <path>C:\ti\ccs2000\ccs\tools\compiler\ti-cgt-armllvm_4.0.1.LTS\lib\armv6m-ti-none-eabi\</path>
         <kind>archive</kind>
         <file>libclang_rt.builtins.a</file>
         <name>udivmoddi4.S.obj</name>
      </input_file>
      <input_file id="fl-110">
         <path>C:\ti\ccs2000\ccs\tools\compiler\ti-cgt-armllvm_4.0.1.LTS\lib\armv6m-ti-none-eabi\</path>
         <kind>archive</kind>
         <file>libclang_rt.builtins.a</file>
         <name>ashldi3.S.obj</name>
      </input_file>
      <input_file id="fl-111">
         <path>C:\ti\ccs2000\ccs\tools\compiler\ti-cgt-armllvm_4.0.1.LTS\lib\armv6m-ti-none-eabi\</path>
         <kind>archive</kind>
         <file>libclang_rt.builtins.a</file>
         <name>comparedf2.c.obj</name>
      </input_file>
      <input_file id="fl-112">
         <path>C:\ti\ccs2000\ccs\tools\compiler\ti-cgt-armllvm_4.0.1.LTS\lib\armv6m-ti-none-eabi\</path>
         <kind>archive</kind>
         <file>libclang_rt.builtins.a</file>
         <name>aeabi_div0.c.obj</name>
      </input_file>
      <input_file id="fl-113">
         <path>C:\ti\ccs2000\ccs\tools\compiler\ti-cgt-armllvm_4.0.1.LTS\lib\armv6m-ti-none-eabi\c\</path>
         <kind>archive</kind>
         <file>libc.a</file>
         <name>getdevice.c.obj</name>
      </input_file>
      <input_file id="fl-114">
         <path>C:\ti\ccs2000\ccs\tools\compiler\ti-cgt-armllvm_4.0.1.LTS\lib\armv6m-ti-none-eabi\c\</path>
         <kind>archive</kind>
         <file>libc.a</file>
         <name>memcpy16.S.obj</name>
      </input_file>
      <input_file id="fl-115">
         <path>C:\ti\ccs2000\ccs\tools\compiler\ti-cgt-armllvm_4.0.1.LTS\lib\armv6m-ti-none-eabi\c\</path>
         <kind>archive</kind>
         <file>libc.a</file>
         <name>memset16.S.obj</name>
      </input_file>
      <input_file id="fl-116">
         <path>C:\ti\ccs2000\ccs\tools\compiler\ti-cgt-armllvm_4.0.1.LTS\lib\armv6m-ti-none-eabi\c\</path>
         <kind>archive</kind>
         <file>libc.a</file>
         <name>strcmp-armv6m.S.obj</name>
      </input_file>
   </input_file_list>
   <object_component_list>
      <object_component id="oc-18">
         <name>.intvecs</name>
         <load_address>0x0</load_address>
         <readonly>true</readonly>
         <run_address>0x0</run_address>
         <size>0xc0</size>
         <alignment>0x4</alignment>
         <input_file_ref idref="fl-13"/>
      </object_component>
      <object_component id="oc-a3">
         <name>.text.main</name>
         <load_address>0x15e60</load_address>
         <readonly>true</readonly>
         <executable>true</executable>
         <run_address>0x15e60</run_address>
         <size>0x15f4</size>
         <alignment>0x4</alignment>
         <input_file_ref idref="fl-4"/>
      </object_component>
      <object_component id="oc-32f">
         <name>.text.atan</name>
         <load_address>0x17454</load_address>
         <readonly>true</readonly>
         <executable>true</executable>
         <run_address>0x17454</run_address>
         <size>0x2f8</size>
         <alignment>0x4</alignment>
         <input_file_ref idref="fl-35"/>
      </object_component>
      <object_component id="oc-148">
         <name>.text._ZN5Berry11updateBerryEP7PokemonS1_</name>
         <load_address>0x1774c</load_address>
         <readonly>true</readonly>
         <executable>true</executable>
         <run_address>0x1774c</run_address>
         <size>0x2e0</size>
         <alignment>0x4</alignment>
         <input_file_ref idref="fl-9"/>
      </object_component>
      <object_component id="oc-144">
         <name>.text._ZN7Pokemon4MoveEttPS_</name>
         <load_address>0x17a2c</load_address>
         <readonly>true</readonly>
         <executable>true</executable>
         <run_address>0x17a2c</run_address>
         <size>0x2ac</size>
         <alignment>0x2</alignment>
         <input_file_ref idref="fl-9"/>
      </object_component>
      <object_component id="oc-142">
         <name>.text._ZN7Pokemon6AttackEPKt</name>
         <load_address>0x17cd8</load_address>
         <readonly>true</readonly>
         <executable>true</executable>
         <run_address>0x17cd8</run_address>
         <size>0x230</size>
         <alignment>0x4</alignment>
         <input_file_ref idref="fl-9"/>
      </object_component>
      <object_component id="oc-e0">
         <name>.text._Z17ST7735_DrawBitmapssPKtss</name>
         <load_address>0x17f08</load_address>
         <readonly>true</readonly>
         <executable>true</executable>
         <run_address>0x17f08</run_address>
         <size>0x210</size>
         <alignment>0x4</alignment>
         <input_file_ref idref="fl-b"/>
      </object_component>
      <object_component id="oc-20a">
         <name>.text._ZN10Projectile6updateEaaP7PokemonS1_</name>
         <load_address>0x18118</load_address>
         <readonly>true</readonly>
         <executable>true</executable>
         <run_address>0x18118</run_address>
         <size>0x1f8</size>
         <alignment>0x4</alignment>
         <input_file_ref idref="fl-9"/>
      </object_component>
      <object_component id="oc-192">
         <name>.text._Z15Clock_Init80MHzi</name>
         <load_address>0x18310</load_address>
         <readonly>true</readonly>
         <executable>true</executable>
         <run_address>0x18310</run_address>
         <size>0x1b4</size>
         <alignment>0x4</alignment>
         <input_file_ref idref="fl-1"/>
      </object_component>
      <object_component id="oc-212">
         <name>.text._Z16ST7735_DrawCharSsscssh</name>
         <load_address>0x184c4</load_address>
         <readonly>true</readonly>
         <executable>true</executable>
         <run_address>0x184c4</run_address>
         <size>0x1a0</size>
         <alignment>0x4</alignment>
         <input_file_ref idref="fl-b"/>
      </object_component>
      <object_component id="oc-15f">
         <name>.text.adddf3_subdf3</name>
         <load_address>0x18664</load_address>
         <readonly>true</readonly>
         <executable>true</executable>
         <run_address>0x18664</run_address>
         <size>0x192</size>
         <alignment>0x4</alignment>
         <input_file_ref idref="fl-fb"/>
      </object_component>
      <object_component id="oc-24f">
         <name>.text.__aeabi_idiv0</name>
         <load_address>0x187f6</load_address>
         <readonly>true</readonly>
         <executable>true</executable>
         <run_address>0x187f6</run_address>
         <size>0x2</size>
         <alignment>0x2</alignment>
         <input_file_ref idref="fl-112"/>
      </object_component>
      <object_component id="oc-320">
         <name>.text.atan2</name>
         <load_address>0x187f8</load_address>
         <readonly>true</readonly>
         <executable>true</executable>
         <run_address>0x187f8</run_address>
         <size>0x188</size>
         <alignment>0x4</alignment>
         <input_file_ref idref="fl-34"/>
      </object_component>
      <object_component id="oc-20c">
         <name>.text._Z11J2VGConvertP7Pokemontt</name>
         <load_address>0x18980</load_address>
         <readonly>true</readonly>
         <executable>true</executable>
         <run_address>0x18980</run_address>
         <size>0x184</size>
         <alignment>0x4</alignment>
         <input_file_ref idref="fl-6"/>
      </object_component>
      <object_component id="oc-23c">
         <name>.text._openfile</name>
         <load_address>0x18b04</load_address>
         <readonly>true</readonly>
         <executable>true</executable>
         <run_address>0x18b04</run_address>
         <size>0x154</size>
         <alignment>0x4</alignment>
         <input_file_ref idref="fl-36"/>
      </object_component>
      <object_component id="oc-141">
         <name>.text._ZN5Berry12spawnBerriesEP7PokemonS1_</name>
         <load_address>0x18c58</load_address>
         <readonly>true</readonly>
         <executable>true</executable>
         <run_address>0x18c58</run_address>
         <size>0x144</size>
         <alignment>0x2</alignment>
         <input_file_ref idref="fl-9"/>
      </object_component>
      <object_component id="oc-20b">
         <name>.text._Z11J1VGConvertP7Pokemontt</name>
         <load_address>0x18d9c</load_address>
         <readonly>true</readonly>
         <executable>true</executable>
         <run_address>0x18d9c</run_address>
         <size>0x134</size>
         <alignment>0x4</alignment>
         <input_file_ref idref="fl-6"/>
      </object_component>
      <object_component id="oc-1bd">
         <name>.text._Z8ADC_InitP10ADC12_Regsjj</name>
         <load_address>0x18ed0</load_address>
         <readonly>true</readonly>
         <executable>true</executable>
         <run_address>0x18ed0</run_address>
         <size>0x128</size>
         <alignment>0x4</alignment>
         <input_file_ref idref="fl-10"/>
      </object_component>
      <object_component id="oc-204">
         <name>.text._Z10J1VConvertP7Pokemon</name>
         <load_address>0x18ff8</load_address>
         <readonly>true</readonly>
         <executable>true</executable>
         <run_address>0x18ff8</run_address>
         <size>0x11c</size>
         <alignment>0x4</alignment>
         <input_file_ref idref="fl-6"/>
      </object_component>
      <object_component id="oc-42">
         <name>.text.TIMG12_IRQHandler</name>
         <load_address>0x19114</load_address>
         <readonly>true</readonly>
         <executable>true</executable>
         <run_address>0x19114</run_address>
         <size>0x118</size>
         <alignment>0x4</alignment>
         <input_file_ref idref="fl-4"/>
      </object_component>
      <object_component id="oc-167">
         <name>.text._Z15ST7735_FillRectsssst</name>
         <load_address>0x1922c</load_address>
         <readonly>true</readonly>
         <executable>true</executable>
         <run_address>0x1922c</run_address>
         <size>0x118</size>
         <alignment>0x4</alignment>
         <input_file_ref idref="fl-b"/>
      </object_component>
      <object_component id="oc-20d">
         <name>.text._ZN7Pokemon13IsOverlappingEPS_ii</name>
         <load_address>0x19344</load_address>
         <readonly>true</readonly>
         <executable>true</executable>
         <run_address>0x19344</run_address>
         <size>0x114</size>
         <alignment>0x2</alignment>
         <input_file_ref idref="fl-9"/>
      </object_component>
      <object_component id="oc-2cb">
         <name>.text.aligned_alloc</name>
         <load_address>0x19458</load_address>
         <readonly>true</readonly>
         <executable>true</executable>
         <run_address>0x19458</run_address>
         <size>0x114</size>
         <alignment>0x4</alignment>
         <input_file_ref idref="fl-3d"/>
      </object_component>
      <object_component id="oc-205">
         <name>.text._Z10J2VConvertP7Pokemon</name>
         <load_address>0x1956c</load_address>
         <readonly>true</readonly>
         <executable>true</executable>
         <run_address>0x1956c</run_address>
         <size>0x110</size>
         <alignment>0x4</alignment>
         <input_file_ref idref="fl-6"/>
      </object_component>
      <object_component id="oc-15b">
         <name>.text.__divdf3</name>
         <load_address>0x1967c</load_address>
         <readonly>true</readonly>
         <executable>true</executable>
         <run_address>0x1967c</run_address>
         <size>0x10c</size>
         <alignment>0x4</alignment>
         <input_file_ref idref="fl-ff"/>
      </object_component>
      <object_component id="oc-12a">
         <name>.text._ZN7PokemonC2EiiPiS0_PA2_PKtS2_S2_iaaahh</name>
         <load_address>0x19788</load_address>
         <readonly>true</readonly>
         <executable>true</executable>
         <run_address>0x19788</run_address>
         <size>0x106</size>
         <alignment>0x2</alignment>
         <input_file_ref idref="fl-9"/>
      </object_component>
      <object_component id="oc-280">
         <name>.text._nop</name>
         <load_address>0x1988e</load_address>
         <readonly>true</readonly>
         <executable>true</executable>
         <run_address>0x1988e</run_address>
         <size>0x2</size>
         <alignment>0x2</alignment>
         <input_file_ref idref="fl-3a"/>
      </object_component>
      <object_component id="oc-1df">
         <name>.text._Z11J2VOConvertP8Outliner</name>
         <load_address>0x19890</load_address>
         <readonly>true</readonly>
         <executable>true</executable>
         <run_address>0x19890</run_address>
         <size>0x104</size>
         <alignment>0x4</alignment>
         <input_file_ref idref="fl-6"/>
      </object_component>
      <object_component id="oc-1c6">
         <name>.text._Z11MyADC1_Initjj</name>
         <load_address>0x19994</load_address>
         <readonly>true</readonly>
         <executable>true</executable>
         <run_address>0x19994</run_address>
         <size>0xfc</size>
         <alignment>0x4</alignment>
         <input_file_ref idref="fl-4"/>
      </object_component>
      <object_component id="oc-128">
         <name>.text._ZN8Outliner4MoveEv</name>
         <load_address>0x19a90</load_address>
         <readonly>true</readonly>
         <executable>true</executable>
         <run_address>0x19a90</run_address>
         <size>0xfc</size>
         <alignment>0x4</alignment>
         <input_file_ref idref="fl-9"/>
      </object_component>
      <object_component id="oc-289">
         <name>.text._Z8SPI_Initv</name>
         <load_address>0x19b8c</load_address>
         <readonly>true</readonly>
         <executable>true</executable>
         <run_address>0x19b8c</run_address>
         <size>0xf8</size>
         <alignment>0x4</alignment>
         <input_file_ref idref="fl-a"/>
      </object_component>
      <object_component id="oc-e1">
         <name>.text._Z18ST7735_SetRotationh</name>
         <load_address>0x19c84</load_address>
         <readonly>true</readonly>
         <executable>true</executable>
         <run_address>0x19c84</run_address>
         <size>0xf4</size>
         <alignment>0x4</alignment>
         <input_file_ref idref="fl-b"/>
      </object_component>
      <object_component id="oc-197">
         <name>.text.add_device</name>
         <load_address>0x19d78</load_address>
         <readonly>true</readonly>
         <executable>true</executable>
         <run_address>0x19d78</run_address>
         <size>0xec</size>
         <alignment>0x4</alignment>
         <input_file_ref idref="fl-f0"/>
      </object_component>
      <object_component id="oc-1bf">
         <name>.text._Z9UART_Initv</name>
         <load_address>0x19e64</load_address>
         <readonly>true</readonly>
         <executable>true</executable>
         <run_address>0x19e64</run_address>
         <size>0xe8</size>
         <alignment>0x4</alignment>
         <input_file_ref idref="fl-10"/>
      </object_component>
      <object_component id="oc-245">
         <name>.text.free</name>
         <load_address>0x19f4c</load_address>
         <readonly>true</readonly>
         <executable>true</executable>
         <run_address>0x19f4c</run_address>
         <size>0xe8</size>
         <alignment>0x4</alignment>
         <input_file_ref idref="fl-3d"/>
      </object_component>
      <object_component id="oc-25a">
         <name>.text.__muldf3</name>
         <load_address>0x1a034</load_address>
         <readonly>true</readonly>
         <executable>true</executable>
         <run_address>0x1a034</run_address>
         <size>0xe4</size>
         <alignment>0x4</alignment>
         <input_file_ref idref="fl-fc"/>
      </object_component>
      <object_component id="oc-20e">
         <name>.text._ZN7Pokemon6DeleteEv</name>
         <load_address>0x1a118</load_address>
         <readonly>true</readonly>
         <executable>true</executable>
         <run_address>0x1a118</run_address>
         <size>0xe0</size>
         <alignment>0x4</alignment>
         <input_file_ref idref="fl-9"/>
      </object_component>
      <object_component id="oc-1a2">
         <name>.text.setvbuf</name>
         <load_address>0x1a1f8</load_address>
         <readonly>true</readonly>
         <executable>true</executable>
         <run_address>0x1a1f8</run_address>
         <size>0xe0</size>
         <alignment>0x4</alignment>
         <input_file_ref idref="fl-37"/>
      </object_component>
      <object_component id="oc-266">
         <name>.text</name>
         <load_address>0x1a2d8</load_address>
         <readonly>true</readonly>
         <executable>true</executable>
         <run_address>0x1a2d8</run_address>
         <size>0xd8</size>
         <alignment>0x4</alignment>
         <input_file_ref idref="fl-fa"/>
      </object_component>
      <object_component id="oc-1d2">
         <name>.text._Z14ST7735_OutCharc</name>
         <load_address>0x1a3b0</load_address>
         <readonly>true</readonly>
         <executable>true</executable>
         <run_address>0x1a3b0</run_address>
         <size>0xd0</size>
         <alignment>0x4</alignment>
         <input_file_ref idref="fl-b"/>
      </object_component>
      <object_component id="oc-202">
         <name>.text._Z25isBerryOverlappingPokemoniiP7Pokemon</name>
         <load_address>0x1a480</load_address>
         <readonly>true</readonly>
         <executable>true</executable>
         <run_address>0x1a480</run_address>
         <size>0xca</size>
         <alignment>0x2</alignment>
         <input_file_ref idref="fl-9"/>
      </object_component>
      <object_component id="oc-1da">
         <name>.text._Z11J1VOConvertP8Outliner</name>
         <load_address>0x1a54c</load_address>
         <readonly>true</readonly>
         <executable>true</executable>
         <run_address>0x1a54c</run_address>
         <size>0xc4</size>
         <alignment>0x4</alignment>
         <input_file_ref idref="fl-6"/>
      </object_component>
      <object_component id="oc-da">
         <name>.text._Z13Joystick_Initv</name>
         <load_address>0x1a610</load_address>
         <readonly>true</readonly>
         <executable>true</executable>
         <run_address>0x1a610</run_address>
         <size>0xb8</size>
         <alignment>0x4</alignment>
         <input_file_ref idref="fl-4"/>
      </object_component>
      <object_component id="oc-155">
         <name>.text._Z11Sound_StartPKhjj</name>
         <load_address>0x1a6c8</load_address>
         <readonly>true</readonly>
         <executable>true</executable>
         <run_address>0x1a6c8</run_address>
         <size>0xac</size>
         <alignment>0x4</alignment>
         <input_file_ref idref="fl-e"/>
      </object_component>
      <object_component id="oc-1c5">
         <name>.text._Z14TimerG7_IntArmtjj</name>
         <load_address>0x1a774</load_address>
         <readonly>true</readonly>
         <executable>true</executable>
         <run_address>0x1a774</run_address>
         <size>0xa8</size>
         <alignment>0x4</alignment>
         <input_file_ref idref="fl-11"/>
      </object_component>
      <object_component id="oc-228">
         <name>.text._ZL11commandListPKh</name>
         <load_address>0x1a81c</load_address>
         <readonly>true</readonly>
         <executable>true</executable>
         <run_address>0x1a81c</run_address>
         <size>0xa2</size>
         <alignment>0x2</alignment>
         <input_file_ref idref="fl-b"/>
      </object_component>
      <object_component id="oc-2b3">
         <name>.text.open</name>
         <load_address>0x1a8c0</load_address>
         <readonly>true</readonly>
         <executable>true</executable>
         <run_address>0x1a8c0</run_address>
         <size>0xa0</size>
         <alignment>0x4</alignment>
         <input_file_ref idref="fl-ed"/>
      </object_component>
      <object_component id="oc-c7">
         <name>.text._Z17ST7735_InitPrintfv</name>
         <load_address>0x1a960</load_address>
         <readonly>true</readonly>
         <executable>true</executable>
         <run_address>0x1a960</run_address>
         <size>0x9c</size>
         <alignment>0x4</alignment>
         <input_file_ref idref="fl-b"/>
      </object_component>
      <object_component id="oc-196">
         <name>.text._Z12ST7735_InitR10initRFlags</name>
         <load_address>0x1a9fc</load_address>
         <readonly>true</readonly>
         <executable>true</executable>
         <run_address>0x1a9fc</run_address>
         <size>0x98</size>
         <alignment>0x4</alignment>
         <input_file_ref idref="fl-b"/>
      </object_component>
      <object_component id="oc-db">
         <name>.text._Z15TimerG12_IntArmjj</name>
         <load_address>0x1aa94</load_address>
         <readonly>true</readonly>
         <executable>true</executable>
         <run_address>0x1aa94</run_address>
         <size>0x94</size>
         <alignment>0x4</alignment>
         <input_file_ref idref="fl-11"/>
      </object_component>
      <object_component id="oc-1c9">
         <name>.text._ZL13setAddrWindowhhhh</name>
         <load_address>0x1ab28</load_address>
         <readonly>true</readonly>
         <executable>true</executable>
         <run_address>0x1ab28</run_address>
         <size>0x88</size>
         <alignment>0x4</alignment>
         <input_file_ref idref="fl-b"/>
      </object_component>
      <object_component id="oc-28b">
         <name>.text:strcmp</name>
         <load_address>0x1abb0</load_address>
         <readonly>true</readonly>
         <executable>true</executable>
         <run_address>0x1abb0</run_address>
         <size>0x88</size>
         <alignment>0x10</alignment>
         <input_file_ref idref="fl-116"/>
      </object_component>
      <object_component id="oc-146">
         <name>.text._Z14ST7735_OutUDecj</name>
         <load_address>0x1ac38</load_address>
         <readonly>true</readonly>
         <executable>true</executable>
         <run_address>0x1ac38</run_address>
         <size>0x84</size>
         <alignment>0x4</alignment>
         <input_file_ref idref="fl-b"/>
      </object_component>
      <object_component id="oc-211">
         <name>.text._Z17ST7735_DrawStringttPcs</name>
         <load_address>0x1acbc</load_address>
         <readonly>true</readonly>
         <executable>true</executable>
         <run_address>0x1acbc</run_address>
         <size>0x84</size>
         <alignment>0x2</alignment>
         <input_file_ref idref="fl-b"/>
      </object_component>
      <object_component id="oc-26a">
         <name>.text.__divsf3</name>
         <load_address>0x1ad40</load_address>
         <readonly>true</readonly>
         <executable>true</executable>
         <run_address>0x1ad40</run_address>
         <size>0x82</size>
         <alignment>0x4</alignment>
         <input_file_ref idref="fl-fe"/>
      </object_component>
      <object_component id="oc-c2">
         <name>.text._Z14LaunchPad_Initv</name>
         <load_address>0x1adc4</load_address>
         <readonly>true</readonly>
         <executable>true</executable>
         <run_address>0x1adc4</run_address>
         <size>0x7c</size>
         <alignment>0x4</alignment>
         <input_file_ref idref="fl-5"/>
      </object_component>
      <object_component id="oc-cd">
         <name>.text._ZN8SlidePot4InitEv</name>
         <load_address>0x1ae40</load_address>
         <readonly>true</readonly>
         <executable>true</executable>
         <run_address>0x1ae40</run_address>
         <size>0x7c</size>
         <alignment>0x4</alignment>
         <input_file_ref idref="fl-c"/>
      </object_component>
      <object_component id="oc-23f">
         <name>.text.__TI_closefile</name>
         <load_address>0x1aebc</load_address>
         <readonly>true</readonly>
         <executable>true</executable>
         <run_address>0x1aebc</run_address>
         <size>0x7c</size>
         <alignment>0x4</alignment>
         <input_file_ref idref="fl-44"/>
      </object_component>
      <object_component id="oc-1c">
         <name>.text:decompress:lzss</name>
         <load_address>0x1af38</load_address>
         <readonly>true</readonly>
         <executable>true</executable>
         <run_address>0x1af38</run_address>
         <size>0x7c</size>
         <alignment>0x4</alignment>
         <input_file_ref idref="fl-40"/>
      </object_component>
      <object_component id="oc-348">
         <name>.text.__gedf2</name>
         <load_address>0x1afb4</load_address>
         <readonly>true</readonly>
         <executable>true</executable>
         <run_address>0x1afb4</run_address>
         <size>0x74</size>
         <alignment>0x4</alignment>
         <input_file_ref idref="fl-111"/>
      </object_component>
      <object_component id="oc-52">
         <name>.text.__aeabi_memcpy</name>
         <load_address>0x1b028</load_address>
         <readonly>true</readonly>
         <executable>true</executable>
         <run_address>0x1b028</run_address>
         <size>0x8</size>
         <alignment>0x4</alignment>
         <input_file_ref idref="fl-10a"/>
      </object_component>
      <object_component id="oc-25e">
         <name>.text.__truncdfsf2</name>
         <load_address>0x1b030</load_address>
         <readonly>true</readonly>
         <executable>true</executable>
         <run_address>0x1b030</run_address>
         <size>0x74</size>
         <alignment>0x10</alignment>
         <input_file_ref idref="fl-106"/>
      </object_component>
      <object_component id="oc-27e">
         <name>.text._Z16ST7735_DrawPixelsst</name>
         <load_address>0x1b0a4</load_address>
         <readonly>true</readonly>
         <executable>true</executable>
         <run_address>0x1b0a4</run_address>
         <size>0x70</size>
         <alignment>0x4</alignment>
         <input_file_ref idref="fl-b"/>
      </object_component>
      <object_component id="oc-2a1">
         <name>.text.HOSTlseek</name>
         <load_address>0x1b114</load_address>
         <readonly>true</readonly>
         <executable>true</executable>
         <run_address>0x1b114</run_address>
         <size>0x6c</size>
         <alignment>0x4</alignment>
         <input_file_ref idref="fl-f3"/>
      </object_component>
      <object_component id="oc-2a9">
         <name>.text.HOSTrename</name>
         <load_address>0x1b180</load_address>
         <readonly>true</readonly>
         <executable>true</executable>
         <run_address>0x1b180</run_address>
         <size>0x6c</size>
         <alignment>0x4</alignment>
         <input_file_ref idref="fl-f6"/>
      </object_component>
      <object_component id="oc-277">
         <name>.text._Z15CheckDeadZoneJ1v</name>
         <load_address>0x1b1ec</load_address>
         <readonly>true</readonly>
         <executable>true</executable>
         <run_address>0x1b1ec</run_address>
         <size>0x6c</size>
         <alignment>0x4</alignment>
         <input_file_ref idref="fl-6"/>
      </object_component>
      <object_component id="oc-27c">
         <name>.text._Z15CheckDeadZoneJ2v</name>
         <load_address>0x1b258</load_address>
         <readonly>true</readonly>
         <executable>true</executable>
         <run_address>0x1b258</run_address>
         <size>0x6c</size>
         <alignment>0x4</alignment>
         <input_file_ref idref="fl-6"/>
      </object_component>
      <object_component id="oc-258">
         <name>.text._Z16CheckDeadZoneJV1v</name>
         <load_address>0x1b2c4</load_address>
         <readonly>true</readonly>
         <executable>true</executable>
         <run_address>0x1b2c4</run_address>
         <size>0x6c</size>
         <alignment>0x4</alignment>
         <input_file_ref idref="fl-6"/>
      </object_component>
      <object_component id="oc-274">
         <name>.text._Z16CheckDeadZoneJV2v</name>
         <load_address>0x1b330</load_address>
         <readonly>true</readonly>
         <executable>true</executable>
         <run_address>0x1b330</run_address>
         <size>0x6c</size>
         <alignment>0x4</alignment>
         <input_file_ref idref="fl-6"/>
      </object_component>
      <object_component id="oc-306">
         <name>.text.getdevice</name>
         <load_address>0x1b39c</load_address>
         <readonly>true</readonly>
         <executable>true</executable>
         <run_address>0x1b39c</run_address>
         <size>0x6c</size>
         <alignment>0x4</alignment>
         <input_file_ref idref="fl-113"/>
      </object_component>
      <object_component id="oc-147">
         <name>.text._Z6LED_Onj</name>
         <load_address>0x1b408</load_address>
         <readonly>true</readonly>
         <executable>true</executable>
         <run_address>0x1b408</run_address>
         <size>0x68</size>
         <alignment>0x4</alignment>
         <input_file_ref idref="fl-3"/>
      </object_component>
      <object_component id="oc-156">
         <name>.text._Z7LED_Offj</name>
         <load_address>0x1b470</load_address>
         <readonly>true</readonly>
         <executable>true</executable>
         <run_address>0x1b470</run_address>
         <size>0x68</size>
         <alignment>0x4</alignment>
         <input_file_ref idref="fl-3"/>
      </object_component>
      <object_component id="oc-143">
         <name>.text._ZN7Pokemon17updateProjectilesEPS_S0_</name>
         <load_address>0x1b4d8</load_address>
         <readonly>true</readonly>
         <executable>true</executable>
         <run_address>0x1b4d8</run_address>
         <size>0x68</size>
         <alignment>0x4</alignment>
         <input_file_ref idref="fl-9"/>
      </object_component>
      <object_component id="oc-342">
         <name>.text.__ledf2</name>
         <load_address>0x1b540</load_address>
         <readonly>true</readonly>
         <executable>true</executable>
         <run_address>0x1b540</run_address>
         <size>0x68</size>
         <alignment>0x4</alignment>
         <input_file_ref idref="fl-111"/>
      </object_component>
      <object_component id="oc-31d">
         <name>.text.split</name>
         <load_address>0x1b5a8</load_address>
         <readonly>true</readonly>
         <executable>true</executable>
         <run_address>0x1b5a8</run_address>
         <size>0x64</size>
         <alignment>0x4</alignment>
         <input_file_ref idref="fl-3d"/>
      </object_component>
      <object_component id="oc-338">
         <name>.text.__aeabi_dcmp</name>
         <load_address>0x1b60c</load_address>
         <readonly>true</readonly>
         <executable>true</executable>
         <run_address>0x1b60c</run_address>
         <size>0x62</size>
         <alignment>0x4</alignment>
         <input_file_ref idref="fl-107"/>
      </object_component>
      <object_component id="oc-262">
         <name>.text.__aeabi_fcmp</name>
         <load_address>0x1b670</load_address>
         <readonly>true</readonly>
         <executable>true</executable>
         <run_address>0x1b670</run_address>
         <size>0x62</size>
         <alignment>0x4</alignment>
         <input_file_ref idref="fl-108"/>
      </object_component>
      <object_component id="oc-291">
         <name>.text.HOSTopen</name>
         <load_address>0x1b6d4</load_address>
         <readonly>true</readonly>
         <executable>true</executable>
         <run_address>0x1b6d4</run_address>
         <size>0x60</size>
         <alignment>0x4</alignment>
         <input_file_ref idref="fl-f4"/>
      </object_component>
      <object_component id="oc-38">
         <name>.text.SysTick_Handler</name>
         <load_address>0x1b734</load_address>
         <readonly>true</readonly>
         <executable>true</executable>
         <run_address>0x1b734</run_address>
         <size>0x5c</size>
         <alignment>0x4</alignment>
         <input_file_ref idref="fl-e"/>
      </object_component>
      <object_component id="oc-299">
         <name>.text.HOSTread</name>
         <load_address>0x1b790</load_address>
         <readonly>true</readonly>
         <executable>true</executable>
         <run_address>0x1b790</run_address>
         <size>0x58</size>
         <alignment>0x4</alignment>
         <input_file_ref idref="fl-f5"/>
      </object_component>
      <object_component id="oc-29d">
         <name>.text.HOSTwrite</name>
         <load_address>0x1b7e8</load_address>
         <readonly>true</readonly>
         <executable>true</executable>
         <run_address>0x1b7e8</run_address>
         <size>0x58</size>
         <alignment>0x4</alignment>
         <input_file_ref idref="fl-f8"/>
      </object_component>
      <object_component id="oc-d9">
         <name>.text._Z10TExaS_InitP10ADC12_RegsjPFhvE</name>
         <load_address>0x1b840</load_address>
         <readonly>true</readonly>
         <executable>true</executable>
         <run_address>0x1b840</run_address>
         <size>0x58</size>
         <alignment>0x4</alignment>
         <input_file_ref idref="fl-10"/>
      </object_component>
      <object_component id="oc-210">
         <name>.text._Z11fillmessagej</name>
         <load_address>0x1b898</load_address>
         <readonly>true</readonly>
         <executable>true</executable>
         <run_address>0x1b898</run_address>
         <size>0x54</size>
         <alignment>0x4</alignment>
         <input_file_ref idref="fl-b"/>
      </object_component>
      <object_component id="oc-17e">
         <name>.text:__TI_auto_init_nobinit</name>
         <load_address>0x1b8ec</load_address>
         <readonly>true</readonly>
         <executable>true</executable>
         <run_address>0x1b8ec</run_address>
         <size>0x54</size>
         <alignment>0x4</alignment>
         <input_file_ref idref="fl-49"/>
      </object_component>
      <object_component id="oc-2b7">
         <name>.text.__TI_doflush</name>
         <load_address>0x1b940</load_address>
         <readonly>true</readonly>
         <executable>true</executable>
         <run_address>0x1b940</run_address>
         <size>0x52</size>
         <alignment>0x2</alignment>
         <input_file_ref idref="fl-45"/>
      </object_component>
      <object_component id="oc-b3">
         <name>.text._Z9MyADC1_Inh</name>
         <load_address>0x1b994</load_address>
         <readonly>true</readonly>
         <executable>true</executable>
         <run_address>0x1b994</run_address>
         <size>0x50</size>
         <alignment>0x4</alignment>
         <input_file_ref idref="fl-4"/>
      </object_component>
      <object_component id="oc-2bd">
         <name>.text.close</name>
         <load_address>0x1b9e4</load_address>
         <readonly>true</readonly>
         <executable>true</executable>
         <run_address>0x1b9e4</run_address>
         <size>0x50</size>
         <alignment>0x4</alignment>
         <input_file_ref idref="fl-ef"/>
      </object_component>
      <object_component id="oc-d3">
         <name>.text._Z8LED_Initv</name>
         <load_address>0x1ba34</load_address>
         <readonly>true</readonly>
         <executable>true</executable>
         <run_address>0x1ba34</run_address>
         <size>0x4c</size>
         <alignment>0x4</alignment>
         <input_file_ref idref="fl-3"/>
      </object_component>
      <object_component id="oc-af">
         <name>.text.__cxx_global_var_init.1</name>
         <load_address>0x1ba80</load_address>
         <readonly>true</readonly>
         <executable>true</executable>
         <run_address>0x1ba80</run_address>
         <size>0x4c</size>
         <alignment>0x4</alignment>
         <input_file_ref idref="fl-4"/>
      </object_component>
      <object_component id="oc-ae">
         <name>.text.__cxx_global_var_init</name>
         <load_address>0x1bacc</load_address>
         <readonly>true</readonly>
         <executable>true</executable>
         <run_address>0x1bacc</run_address>
         <size>0x4c</size>
         <alignment>0x4</alignment>
         <input_file_ref idref="fl-4"/>
      </object_component>
      <object_component id="oc-295">
         <name>.text.HOSTclose</name>
         <load_address>0x1bb18</load_address>
         <readonly>true</readonly>
         <executable>true</executable>
         <run_address>0x1bb18</run_address>
         <size>0x48</size>
         <alignment>0x4</alignment>
         <input_file_ref idref="fl-f2"/>
      </object_component>
      <object_component id="oc-2a5">
         <name>.text.HOSTunlink</name>
         <load_address>0x1bb60</load_address>
         <readonly>true</readonly>
         <executable>true</executable>
         <run_address>0x1bb60</run_address>
         <size>0x48</size>
         <alignment>0x4</alignment>
         <input_file_ref idref="fl-f7"/>
      </object_component>
      <object_component id="oc-1cf">
         <name>.text._Z14SPI_OutCommandc</name>
         <load_address>0x1bba8</load_address>
         <readonly>true</readonly>
         <executable>true</executable>
         <run_address>0x1bba8</run_address>
         <size>0x48</size>
         <alignment>0x4</alignment>
         <input_file_ref idref="fl-a"/>
      </object_component>
      <object_component id="oc-13e">
         <name>.text._ZN7Pokemon4DrawEv</name>
         <load_address>0x1bbf0</load_address>
         <readonly>true</readonly>
         <executable>true</executable>
         <run_address>0x1bbf0</run_address>
         <size>0x44</size>
         <alignment>0x2</alignment>
         <input_file_ref idref="fl-9"/>
      </object_component>
      <object_component id="oc-ff">
         <name>.text._ZN8OutlinerC2EiiiiPKtS1_hPK5State</name>
         <load_address>0x1bc34</load_address>
         <readonly>true</readonly>
         <executable>true</executable>
         <run_address>0x1bc34</run_address>
         <size>0x42</size>
         <alignment>0x2</alignment>
         <input_file_ref idref="fl-9"/>
      </object_component>
      <object_component id="oc-163">
         <name>.text.__fixunsdfsi</name>
         <load_address>0x1bc78</load_address>
         <readonly>true</readonly>
         <executable>true</executable>
         <run_address>0x1bc78</run_address>
         <size>0x42</size>
         <alignment>0x4</alignment>
         <input_file_ref idref="fl-102"/>
      </object_component>
      <object_component id="oc-3d">
         <name>.text.TIMG7_IRQHandler</name>
         <load_address>0x1bcbc</load_address>
         <readonly>true</readonly>
         <executable>true</executable>
         <run_address>0x1bcbc</run_address>
         <size>0x40</size>
         <alignment>0x4</alignment>
         <input_file_ref idref="fl-10"/>
      </object_component>
      <object_component id="oc-1bc">
         <name>.text._Z14SysTick_IntArmjj</name>
         <load_address>0x1bcfc</load_address>
         <readonly>true</readonly>
         <executable>true</executable>
         <run_address>0x1bcfc</run_address>
         <size>0x40</size>
         <alignment>0x4</alignment>
         <input_file_ref idref="fl-e"/>
      </object_component>
      <object_component id="oc-2e6">
         <name>.text._Z9SPI_Resetv</name>
         <load_address>0x1bd3c</load_address>
         <readonly>true</readonly>
         <executable>true</executable>
         <run_address>0x1bd3c</run_address>
         <size>0x40</size>
         <alignment>0x4</alignment>
         <input_file_ref idref="fl-a"/>
      </object_component>
      <object_component id="oc-1c1">
         <name>.text.__aeabi_uidivmod</name>
         <load_address>0x1bd7c</load_address>
         <readonly>true</readonly>
         <executable>true</executable>
         <run_address>0x1bd7c</run_address>
         <size>0x40</size>
         <alignment>0x4</alignment>
         <input_file_ref idref="fl-10c"/>
      </object_component>
      <object_component id="oc-23b">
         <name>.text._search_fp</name>
         <load_address>0x1bdbc</load_address>
         <readonly>true</readonly>
         <executable>true</executable>
         <run_address>0x1bdbc</run_address>
         <size>0x40</size>
         <alignment>0x4</alignment>
         <input_file_ref idref="fl-36"/>
      </object_component>
      <object_component id="oc-206">
         <name>.text._ZN10Projectile4initEssaaPKt</name>
         <load_address>0x1bdfc</load_address>
         <readonly>true</readonly>
         <executable>true</executable>
         <run_address>0x1bdfc</run_address>
         <size>0x3e</size>
         <alignment>0x2</alignment>
         <input_file_ref idref="fl-9"/>
      </object_component>
      <object_component id="oc-1bb">
         <name>.text._Z9DAC5_Initv</name>
         <load_address>0x1be3c</load_address>
         <readonly>true</readonly>
         <executable>true</executable>
         <run_address>0x1be3c</run_address>
         <size>0x3c</size>
         <alignment>0x4</alignment>
         <input_file_ref idref="fl-2"/>
      </object_component>
      <object_component id="oc-259">
         <name>.text._ZNSt3__16__math5atan2B8nn180100IssTnNS_9enable_ifIXaasr13is_arithmeticIT_EE5valuesr13is_arithmeticIT0_EE5valueEiE4typeELi0EEENS_9__promoteIS3_S4_vE4typeES3_S4_</name>
         <load_address>0x1be78</load_address>
         <readonly>true</readonly>
         <executable>true</executable>
         <run_address>0x1be78</run_address>
         <size>0x3c</size>
         <alignment>0x2</alignment>
         <input_file_ref idref="fl-6"/>
      </object_component>
      <object_component id="oc-2df">
         <name>.text.__gtsf2</name>
         <load_address>0x1beb4</load_address>
         <readonly>true</readonly>
         <executable>true</executable>
         <run_address>0x1beb4</run_address>
         <size>0x3c</size>
         <alignment>0x4</alignment>
         <input_file_ref idref="fl-10e"/>
      </object_component>
      <object_component id="oc-2da">
         <name>.text.__eqsf2</name>
         <load_address>0x1bef0</load_address>
         <readonly>true</readonly>
         <executable>true</executable>
         <run_address>0x1bef0</run_address>
         <size>0x3a</size>
         <alignment>0x4</alignment>
         <input_file_ref idref="fl-10e"/>
      </object_component>
      <object_component id="oc-2d4">
         <name>.text.__muldsi3</name>
         <load_address>0x1bf2c</load_address>
         <readonly>true</readonly>
         <executable>true</executable>
         <run_address>0x1bf2c</run_address>
         <size>0x3a</size>
         <alignment>0x4</alignment>
         <input_file_ref idref="fl-fd"/>
      </object_component>
      <object_component id="oc-1ca">
         <name>.text._Z11SPI_OutDatac</name>
         <load_address>0x1bf68</load_address>
         <readonly>true</readonly>
         <executable>true</executable>
         <run_address>0x1bf68</run_address>
         <size>0x38</size>
         <alignment>0x4</alignment>
         <input_file_ref idref="fl-a"/>
      </object_component>
      <object_component id="oc-193">
         <name>.text._Z15ActivatePortA_Bv</name>
         <load_address>0x1bfa0</load_address>
         <readonly>true</readonly>
         <executable>true</executable>
         <run_address>0x1bfa0</run_address>
         <size>0x38</size>
         <alignment>0x4</alignment>
         <input_file_ref idref="fl-5"/>
      </object_component>
      <object_component id="oc-26e">
         <name>.text.__fixsfsi</name>
         <load_address>0x1bfd8</load_address>
         <readonly>true</readonly>
         <executable>true</executable>
         <run_address>0x1bfd8</run_address>
         <size>0x38</size>
         <alignment>0x4</alignment>
         <input_file_ref idref="fl-101"/>
      </object_component>
      <object_component id="oc-d8">
         <name>.text._Z10Sound_Initv</name>
         <load_address>0x1c010</load_address>
         <readonly>true</readonly>
         <executable>true</executable>
         <run_address>0x1c010</run_address>
         <size>0x34</size>
         <alignment>0x4</alignment>
         <input_file_ref idref="fl-e"/>
      </object_component>
      <object_component id="oc-1a9">
         <name>.text._Z12ST7735_writeiPKcj</name>
         <load_address>0x1c044</load_address>
         <readonly>true</readonly>
         <executable>true</executable>
         <run_address>0x1c044</run_address>
         <size>0x34</size>
         <alignment>0x2</alignment>
         <input_file_ref idref="fl-b"/>
      </object_component>
      <object_component id="oc-28a">
         <name>.text._Z14Clock_Delay1msj</name>
         <load_address>0x1c078</load_address>
         <readonly>true</readonly>
         <executable>true</executable>
         <run_address>0x1c078</run_address>
         <size>0x34</size>
         <alignment>0x4</alignment>
         <input_file_ref idref="fl-1"/>
      </object_component>
      <object_component id="oc-e3">
         <name>.text._Z16ST7735_SetCursorjj</name>
         <load_address>0x1c0ac</load_address>
         <readonly>true</readonly>
         <executable>true</executable>
         <run_address>0x1c0ac</run_address>
         <size>0x34</size>
         <alignment>0x4</alignment>
         <input_file_ref idref="fl-b"/>
      </object_component>
      <object_component id="oc-248">
         <name>.text.__TI_cleanup</name>
         <load_address>0x1c0e0</load_address>
         <readonly>true</readonly>
         <executable>true</executable>
         <run_address>0x1c0e0</run_address>
         <size>0x34</size>
         <alignment>0x4</alignment>
         <input_file_ref idref="fl-36"/>
      </object_component>
      <object_component id="oc-2ee">
         <name>.text.__TI_readmsg</name>
         <load_address>0x1c114</load_address>
         <readonly>true</readonly>
         <executable>true</executable>
         <run_address>0x1c114</run_address>
         <size>0x34</size>
         <alignment>0x4</alignment>
         <input_file_ref idref="fl-f9"/>
      </object_component>
      <object_component id="oc-2e8">
         <name>.text.__TI_writemsg</name>
         <load_address>0x1c148</load_address>
         <readonly>true</readonly>
         <executable>true</executable>
         <run_address>0x1c148</run_address>
         <size>0x34</size>
         <alignment>0x4</alignment>
         <input_file_ref idref="fl-f9"/>
      </object_component>
      <object_component id="oc-176">
         <name>.text.exit</name>
         <load_address>0x1c17c</load_address>
         <readonly>true</readonly>
         <executable>true</executable>
         <run_address>0x1c17c</run_address>
         <size>0x34</size>
         <alignment>0x4</alignment>
         <input_file_ref idref="fl-39"/>
      </object_component>
      <object_component id="oc-22f">
         <name>.text.finddevice</name>
         <load_address>0x1c1b0</load_address>
         <readonly>true</readonly>
         <executable>true</executable>
         <run_address>0x1c1b0</run_address>
         <size>0x34</size>
         <alignment>0x4</alignment>
         <input_file_ref idref="fl-113"/>
      </object_component>
      <object_component id="oc-1a1">
         <name>.text.freopen</name>
         <load_address>0x1c1e4</load_address>
         <readonly>true</readonly>
         <executable>true</executable>
         <run_address>0x1c1e4</run_address>
         <size>0x34</size>
         <alignment>0x4</alignment>
         <input_file_ref idref="fl-36"/>
      </object_component>
      <object_component id="oc-203">
         <name>.text._Z15ST7735_Color565hhh</name>
         <load_address>0x1c218</load_address>
         <readonly>true</readonly>
         <executable>true</executable>
         <run_address>0x1c218</run_address>
         <size>0x32</size>
         <alignment>0x2</alignment>
         <input_file_ref idref="fl-b"/>
      </object_component>
      <object_component id="oc-227">
         <name>.text._ZL10commonInitPKh</name>
         <load_address>0x1c24c</load_address>
         <readonly>true</readonly>
         <executable>true</executable>
         <run_address>0x1c24c</run_address>
         <size>0x30</size>
         <alignment>0x4</alignment>
         <input_file_ref idref="fl-b"/>
      </object_component>
      <object_component id="oc-19b">
         <name>.text.fopen</name>
         <load_address>0x1c27c</load_address>
         <readonly>true</readonly>
         <executable>true</executable>
         <run_address>0x1c27c</run_address>
         <size>0x30</size>
         <alignment>0x4</alignment>
         <input_file_ref idref="fl-36"/>
      </object_component>
      <object_component id="oc-cc">
         <name>.text._Z17ST7735_FillScreent</name>
         <load_address>0x1c2ac</load_address>
         <readonly>true</readonly>
         <executable>true</executable>
         <run_address>0x1c2ac</run_address>
         <size>0x2c</size>
         <alignment>0x4</alignment>
         <input_file_ref idref="fl-b"/>
      </object_component>
      <object_component id="oc-81">
         <name>.text._Z9Switch_Inv</name>
         <load_address>0x1c2d8</load_address>
         <readonly>true</readonly>
         <executable>true</executable>
         <run_address>0x1c2d8</run_address>
         <size>0x2c</size>
         <alignment>0x4</alignment>
         <input_file_ref idref="fl-f"/>
      </object_component>
      <object_component id="oc-2cf">
         <name>.text.__floatsidf</name>
         <load_address>0x1c304</load_address>
         <readonly>true</readonly>
         <executable>true</executable>
         <run_address>0x1c304</run_address>
         <size>0x2c</size>
         <alignment>0x4</alignment>
         <input_file_ref idref="fl-103"/>
      </object_component>
      <object_component id="oc-315">
         <name>.text.unlink</name>
         <load_address>0x1c330</load_address>
         <readonly>true</readonly>
         <executable>true</executable>
         <run_address>0x1c330</run_address>
         <size>0x2c</size>
         <alignment>0x4</alignment>
         <input_file_ref idref="fl-f1"/>
      </object_component>
      <object_component id="oc-d2">
         <name>.text._Z11Switch_Initv</name>
         <load_address>0x1c35c</load_address>
         <readonly>true</readonly>
         <executable>true</executable>
         <run_address>0x1c35c</run_address>
         <size>0x28</size>
         <alignment>0x4</alignment>
         <input_file_ref idref="fl-f"/>
      </object_component>
      <object_component id="oc-1be">
         <name>.text._Z9ADC_StartP10ADC12_Regs</name>
         <load_address>0x1c384</load_address>
         <readonly>true</readonly>
         <executable>true</executable>
         <run_address>0x1c384</run_address>
         <size>0x28</size>
         <alignment>0x4</alignment>
         <input_file_ref idref="fl-10"/>
      </object_component>
      <object_component id="oc-2ca">
         <name>.text.free_list_insert</name>
         <load_address>0x1c3ac</load_address>
         <readonly>true</readonly>
         <executable>true</executable>
         <run_address>0x1c3ac</run_address>
         <size>0x28</size>
         <alignment>0x4</alignment>
         <input_file_ref idref="fl-3d"/>
      </object_component>
      <object_component id="oc-30c">
         <name>.text.write</name>
         <load_address>0x1c3d4</load_address>
         <readonly>true</readonly>
         <executable>true</executable>
         <run_address>0x1c3d4</run_address>
         <size>0x28</size>
         <alignment>0x4</alignment>
         <input_file_ref idref="fl-ea"/>
      </object_component>
      <object_component id="oc-62">
         <name>.text:_c_int00_noargs</name>
         <load_address>0x1c3fc</load_address>
         <readonly>true</readonly>
         <executable>true</executable>
         <run_address>0x1c3fc</run_address>
         <size>0x28</size>
         <alignment>0x4</alignment>
         <input_file_ref idref="fl-41"/>
      </object_component>
      <object_component id="oc-e2">
         <name>.text._Z16ST7735_OutStringPc</name>
         <load_address>0x1c424</load_address>
         <readonly>true</readonly>
         <executable>true</executable>
         <run_address>0x1c424</run_address>
         <size>0x26</size>
         <alignment>0x2</alignment>
         <input_file_ref idref="fl-b"/>
      </object_component>
      <object_component id="oc-140">
         <name>.text._ZN5BerryC2Eiib</name>
         <load_address>0x1c44a</load_address>
         <readonly>true</readonly>
         <executable>true</executable>
         <run_address>0x1c44a</run_address>
         <size>0x24</size>
         <alignment>0x2</alignment>
         <input_file_ref idref="fl-9"/>
      </object_component>
      <object_component id="oc-104">
         <name>.text._ZN8Outliner4DrawEv</name>
         <load_address>0x1c46e</load_address>
         <readonly>true</readonly>
         <executable>true</executable>
         <run_address>0x1c46e</run_address>
         <size>0x24</size>
         <alignment>0x2</alignment>
         <input_file_ref idref="fl-9"/>
      </object_component>
      <object_component id="oc-129">
         <name>.text._ZN8Outliner6DeleteEv</name>
         <load_address>0x1c492</load_address>
         <readonly>true</readonly>
         <executable>true</executable>
         <run_address>0x1c492</run_address>
         <size>0x24</size>
         <alignment>0x2</alignment>
         <input_file_ref idref="fl-9"/>
      </object_component>
      <object_component id="oc-157">
         <name>.text.__floatunsidf</name>
         <load_address>0x1c4b8</load_address>
         <readonly>true</readonly>
[...]
         <name>__TI_ATRegion1_src_addr</name>
         <value>0x0</value>
      </symbol>
      <symbol id="sm-352">
         <name>__TI_ATRegion1_trg_addr</name>
         <value>0x0</value>
      </symbol>
      <symbol id="sm-353">
         <name>__TI_ATRegion1_region_sz</name>
         <value>0x0</value>
      </symbol>
      <symbol id="sm-354">
         <name>__TI_ATRegion2_src_addr</name>
         <value>0x0</value>
      </symbol>
      <symbol id="sm-355">
         <name>__TI_ATRegion2_trg_addr</name>
         <value>0x0</value>
      </symbol>
      <symbol id="sm-356">
         <name>__TI_ATRegion2_region_sz</name>
         <value>0x0</value>
      </symbol>
      <symbol id="sm-364">
         <name>atan2</name>
         <value>0x187f9</value>
         <object_component_ref idref="oc-320"/>
      </symbol>
      <symbol id="sm-365">
         <name>atan2l</name>
         <value>0x187f9</value>
         <object_component_ref idref="oc-320"/>
      </symbol>
      <symbol id="sm-37c">
         <name>atan</name>
         <value>0x17455</value>
         <object_component_ref idref="oc-32f"/>
      </symbol>
      <symbol id="sm-37d">
         <name>atanl</name>
         <value>0x17455</value>
         <object_component_ref idref="oc-32f"/>
      </symbol>
      <symbol id="sm-396">
         <name>fopen</name>
         <value>0x1c27d</value>
         <object_component_ref idref="oc-19b"/>
      </symbol>
      <symbol id="sm-397">
         <name>__TI_cleanup</name>
         <value>0x1c0e1</value>
         <object_component_ref idref="oc-248"/>
      </symbol>
      <symbol id="sm-398">
         <name>freopen</name>
         <value>0x1c1e5</value>
         <object_component_ref idref="oc-1a1"/>
      </symbol>
      <symbol id="sm-3a2">
         <name>setvbuf</name>
         <value>0x1a1f9</value>
         <object_component_ref idref="oc-1a2"/>
      </symbol>
      <symbol id="sm-3b1">
         <name>abort</name>
         <value>0x1c82d</value>
         <object_component_ref idref="oc-171"/>
      </symbol>
      <symbol id="sm-3b2">
         <name>C$$EXIT</name>
         <value>0x1c82c</value>
         <object_component_ref idref="oc-171"/>
      </symbol>
      <symbol id="sm-3b3">
         <name>__TI_cleanup_ptr</name>
         <value>0x2020040c</value>
         <object_component_ref idref="oc-21d"/>
      </symbol>
      <symbol id="sm-3b4">
         <name>__TI_dtors_ptr</name>
         <value>0x20200410</value>
         <object_component_ref idref="oc-21d"/>
      </symbol>
      <symbol id="sm-3b5">
         <name>exit</name>
         <value>0x1c17d</value>
         <object_component_ref idref="oc-176"/>
      </symbol>
      <symbol id="sm-3be">
         <name>_nop</name>
         <value>0x1988f</value>
         <object_component_ref idref="oc-280"/>
      </symbol>
      <symbol id="sm-3bf">
         <name>_lock</name>
         <value>0x20200438</value>
         <object_component_ref idref="oc-21b"/>
      </symbol>
      <symbol id="sm-3c0">
         <name>_unlock</name>
         <value>0x2020043c</value>
         <object_component_ref idref="oc-21e"/>
      </symbol>
      <symbol id="sm-3c6">
         <name>_ftable</name>
         <value>0x20200000</value>
         <object_component_ref idref="oc-1b0"/>
      </symbol>
      <symbol id="sm-3c7">
         <name>__TI_ft_end</name>
         <value>0x20200434</value>
         <object_component_ref idref="oc-2b2"/>
      </symbol>
      <symbol id="sm-3c8">
         <name>__TI_tmpnams</name>
         <value>0x202007a8</value>
         <object_component_ref idref="oc-2c5"/>
      </symbol>
      <symbol id="sm-3eb">
         <name>malloc</name>
         <value>0x1c7b9</value>
         <object_component_ref idref="oc-247"/>
      </symbol>
      <symbol id="sm-3ec">
         <name>aligned_alloc</name>
         <value>0x19459</value>
         <object_component_ref idref="oc-2cb"/>
      </symbol>
      <symbol id="sm-3ed">
         <name>free</name>
         <value>0x19f4d</value>
         <object_component_ref idref="oc-245"/>
      </symbol>
      <symbol id="sm-3ee">
         <name>_sys_memory</name>
         <value>0x20200488</value>
         <object_component_ref idref="oc-30"/>
      </symbol>
      <symbol id="sm-3ef">
         <name>memalign</name>
         <value>0x19459</value>
         <object_component_ref idref="oc-2cb"/>
      </symbol>
      <symbol id="sm-3f9">
         <name>__TI_zero_init_nomemset</name>
         <value>0x1c679</value>
         <object_component_ref idref="oc-59"/>
      </symbol>
      <symbol id="sm-402">
         <name>__TI_decompress_none</name>
         <value>0x1c6db</value>
         <object_component_ref idref="oc-20"/>
      </symbol>
      <symbol id="sm-40d">
         <name>__TI_decompress_lzss</name>
         <value>0x1af39</value>
         <object_component_ref idref="oc-1c"/>
      </symbol>
      <symbol id="sm-418">
         <name>_c_int00_noargs</name>
         <value>0x1c3fd</value>
         <object_component_ref idref="oc-62"/>
      </symbol>
      <symbol id="sm-419">
         <name>__stack</name>
         <value>0x20207e00</value>
         <object_component_ref idref="oc-1a"/>
      </symbol>
      <symbol id="sm-426">
         <name>__TI_closefile</name>
         <value>0x1aebd</value>
         <object_component_ref idref="oc-23f"/>
      </symbol>
      <symbol id="sm-430">
         <name>__TI_doflush</name>
         <value>0x1b941</value>
         <object_component_ref idref="oc-2b7"/>
      </symbol>
      <symbol id="sm-43e">
         <name>__TI_auto_init_nobinit</name>
         <value>0x1b8ed</value>
         <object_component_ref idref="oc-17e"/>
      </symbol>
      <symbol id="sm-446">
         <name>_system_pre_init</name>
         <value>0x1c829</value>
         <object_component_ref idref="oc-9f"/>
      </symbol>
      <symbol id="sm-459">
         <name>write</name>
         <value>0x1c3d5</value>
         <object_component_ref idref="oc-30c"/>
      </symbol>
      <symbol id="sm-45e">
         <name>_device</name>
         <value>0x202001e0</value>
         <object_component_ref idref="oc-236"/>
      </symbol>
      <symbol id="sm-45f">
         <name>_stream</name>
         <value>0x20200258</value>
         <object_component_ref idref="oc-308"/>
      </symbol>
      <symbol id="sm-468">
         <name>remove</name>
         <value>0x1c807</value>
         <object_component_ref idref="oc-2c1"/>
      </symbol>
      <symbol id="sm-474">
         <name>open</name>
         <value>0x1a8c1</value>
         <object_component_ref idref="oc-2b3"/>
      </symbol>
      <symbol id="sm-47f">
         <name>close</name>
         <value>0x1b9e5</value>
         <object_component_ref idref="oc-2bd"/>
      </symbol>
      <symbol id="sm-48b">
         <name>add_device</name>
         <value>0x19d79</value>
         <object_component_ref idref="oc-197"/>
      </symbol>
      <symbol id="sm-495">
         <name>unlink</name>
         <value>0x1c331</value>
         <object_component_ref idref="oc-315"/>
      </symbol>
      <symbol id="sm-49f">
         <name>HOSTclose</name>
         <value>0x1bb19</value>
         <object_component_ref idref="oc-295"/>
      </symbol>
      <symbol id="sm-4a9">
         <name>HOSTlseek</name>
         <value>0x1b115</value>
         <object_component_ref idref="oc-2a1"/>
      </symbol>
      <symbol id="sm-4b3">
         <name>HOSTopen</name>
         <value>0x1b6d5</value>
         <object_component_ref idref="oc-291"/>
      </symbol>
      <symbol id="sm-4b4">
         <name>parmbuf</name>
         <value>0x20200854</value>
         <object_component_ref idref="oc-2ef"/>
      </symbol>
      <symbol id="sm-4be">
         <name>HOSTread</name>
         <value>0x1b791</value>
         <object_component_ref idref="oc-299"/>
      </symbol>
      <symbol id="sm-4cf">
         <name>HOSTrename</name>
         <value>0x1b181</value>
         <object_component_ref idref="oc-2a9"/>
      </symbol>
      <symbol id="sm-4d9">
         <name>HOSTunlink</name>
         <value>0x1bb61</value>
         <object_component_ref idref="oc-2a5"/>
      </symbol>
      <symbol id="sm-4e3">
         <name>HOSTwrite</name>
         <value>0x1b7e9</value>
         <object_component_ref idref="oc-29d"/>
      </symbol>
      <symbol id="sm-4f1">
         <name>C$$IO$$</name>
         <value>0x1c175</value>
         <object_component_ref idref="oc-2e8"/>
      </symbol>
      <symbol id="sm-4f2">
         <name>__TI_writemsg</name>
         <value>0x1c149</value>
         <object_component_ref idref="oc-2e8"/>
      </symbol>
      <symbol id="sm-4f3">
         <name>__CIOBUF_</name>
         <value>0x20200688</value>
         <object_component_ref idref="oc-326"/>
      </symbol>
      <symbol id="sm-4f4">
         <name>__TI_readmsg</name>
         <value>0x1c115</value>
         <object_component_ref idref="oc-2ee"/>
      </symbol>
      <symbol id="sm-4f5">
         <name>_CIOBUF_</name>
         <value>0x20200688</value>
         <object_component_ref idref="oc-326"/>
      </symbol>
      <symbol id="sm-4fb">
         <name>__aeabi_fadd</name>
         <value>0x1a2e3</value>
         <object_component_ref idref="oc-266"/>
      </symbol>
      <symbol id="sm-4fc">
         <name>__addsf3</name>
         <value>0x1a2e3</value>
         <object_component_ref idref="oc-266"/>
      </symbol>
      <symbol id="sm-4fd">
         <name>__aeabi_fsub</name>
         <value>0x1a2d9</value>
         <object_component_ref idref="oc-266"/>
      </symbol>
      <symbol id="sm-4fe">
         <name>__subsf3</name>
         <value>0x1a2d9</value>
         <object_component_ref idref="oc-266"/>
      </symbol>
      <symbol id="sm-504">
         <name>__aeabi_dadd</name>
         <value>0x1866f</value>
         <object_component_ref idref="oc-15f"/>
      </symbol>
      <symbol id="sm-505">
         <name>__adddf3</name>
         <value>0x1866f</value>
         <object_component_ref idref="oc-15f"/>
      </symbol>
      <symbol id="sm-506">
         <name>__aeabi_dsub</name>
         <value>0x18665</value>
         <object_component_ref idref="oc-15f"/>
      </symbol>
      <symbol id="sm-507">
         <name>__subdf3</name>
         <value>0x18665</value>
         <object_component_ref idref="oc-15f"/>
      </symbol>
      <symbol id="sm-510">
         <name>__aeabi_dmul</name>
         <value>0x1a035</value>
         <object_component_ref idref="oc-25a"/>
      </symbol>
      <symbol id="sm-511">
         <name>__muldf3</name>
         <value>0x1a035</value>
         <object_component_ref idref="oc-25a"/>
      </symbol>
      <symbol id="sm-51a">
         <name>__muldsi3</name>
         <value>0x1bf2d</value>
         <object_component_ref idref="oc-2d4"/>
      </symbol>
      <symbol id="sm-520">
         <name>__aeabi_fdiv</name>
         <value>0x1ad41</value>
         <object_component_ref idref="oc-26a"/>
      </symbol>
      <symbol id="sm-521">
         <name>__divsf3</name>
         <value>0x1ad41</value>
         <object_component_ref idref="oc-26a"/>
      </symbol>
      <symbol id="sm-527">
         <name>__aeabi_ddiv</name>
         <value>0x1967d</value>
         <object_component_ref idref="oc-15b"/>
      </symbol>
      <symbol id="sm-528">
         <name>__divdf3</name>
         <value>0x1967d</value>
         <object_component_ref idref="oc-15b"/>
      </symbol>
      <symbol id="sm-52e">
         <name>__aeabi_f2iz</name>
         <value>0x1bfd9</value>
         <object_component_ref idref="oc-26e"/>
      </symbol>
      <symbol id="sm-52f">
         <name>__fixsfsi</name>
         <value>0x1bfd9</value>
         <object_component_ref idref="oc-26e"/>
      </symbol>
      <symbol id="sm-535">
         <name>__aeabi_d2uiz</name>
         <value>0x1bc79</value>
         <object_component_ref idref="oc-163"/>
      </symbol>
      <symbol id="sm-536">
         <name>__fixunsdfsi</name>
         <value>0x1bc79</value>
         <object_component_ref idref="oc-163"/>
      </symbol>
      <symbol id="sm-53c">
         <name>__aeabi_i2d</name>
         <value>0x1c305</value>
         <object_component_ref idref="oc-2cf"/>
      </symbol>
      <symbol id="sm-53d">
         <name>__floatsidf</name>
         <value>0x1c305</value>
         <object_component_ref idref="oc-2cf"/>
      </symbol>
      <symbol id="sm-543">
         <name>__aeabi_ui2d</name>
         <value>0x1c4b9</value>
         <object_component_ref idref="oc-157"/>
      </symbol>
      <symbol id="sm-544">
         <name>__floatunsidf</name>
         <value>0x1c4b9</value>
         <object_component_ref idref="oc-157"/>
      </symbol>
      <symbol id="sm-54b">
         <name>__aeabi_d2f</name>
         <value>0x1b031</value>
         <object_component_ref idref="oc-25e"/>
      </symbol>
      <symbol id="sm-54c">
         <name>__truncdfsf2</name>
         <value>0x1b031</value>
         <object_component_ref idref="oc-25e"/>
      </symbol>
      <symbol id="sm-552">
         <name>__aeabi_dcmpeq</name>
         <value>0x1b60d</value>
         <object_component_ref idref="oc-338"/>
      </symbol>
      <symbol id="sm-553">
         <name>__aeabi_dcmplt</name>
         <value>0x1b621</value>
         <object_component_ref idref="oc-338"/>
      </symbol>
      <symbol id="sm-554">
         <name>__aeabi_dcmple</name>
         <value>0x1b635</value>
         <object_component_ref idref="oc-338"/>
      </symbol>
      <symbol id="sm-555">
         <name>__aeabi_dcmpge</name>
         <value>0x1b649</value>
         <object_component_ref idref="oc-338"/>
      </symbol>
      <symbol id="sm-556">
         <name>__aeabi_dcmpgt</name>
         <value>0x1b65d</value>
         <object_component_ref idref="oc-338"/>
      </symbol>
      <symbol id="sm-55c">
         <name>__aeabi_fcmpeq</name>
         <value>0x1b671</value>
         <object_component_ref idref="oc-262"/>
      </symbol>
      <symbol id="sm-55d">
         <name>__aeabi_fcmplt</name>
         <value>0x1b685</value>
         <object_component_ref idref="oc-262"/>
      </symbol>
      <symbol id="sm-55e">
         <name>__aeabi_fcmple</name>
         <value>0x1b699</value>
         <object_component_ref idref="oc-262"/>
      </symbol>
      <symbol id="sm-55f">
         <name>__aeabi_fcmpge</name>
         <value>0x1b6ad</value>
         <object_component_ref idref="oc-262"/>
      </symbol>
      <symbol id="sm-560">
         <name>__aeabi_fcmpgt</name>
         <value>0x1b6c1</value>
         <object_component_ref idref="oc-262"/>
      </symbol>
      <symbol id="sm-566">
         <name>__aeabi_memcpy</name>
         <value>0x1b029</value>
         <object_component_ref idref="oc-52"/>
      </symbol>
      <symbol id="sm-567">
         <name>__aeabi_memcpy4</name>
         <value>0x1b029</value>
         <object_component_ref idref="oc-52"/>
      </symbol>
      <symbol id="sm-568">
         <name>__aeabi_memcpy8</name>
         <value>0x1b029</value>
         <object_component_ref idref="oc-52"/>
      </symbol>
      <symbol id="sm-56f">
         <name>__aeabi_memclr</name>
         <value>0x1c7ad</value>
         <object_component_ref idref="oc-9a"/>
      </symbol>
      <symbol id="sm-570">
         <name>__aeabi_memclr4</name>
         <value>0x1c7ad</value>
         <object_component_ref idref="oc-9a"/>
      </symbol>
      <symbol id="sm-571">
         <name>__aeabi_memclr8</name>
         <value>0x1c7ad</value>
         <object_component_ref idref="oc-9a"/>
      </symbol>
      <symbol id="sm-577">
         <name>__aeabi_uidiv</name>
         <value>0x1bd7d</value>
         <object_component_ref idref="oc-1c1"/>
      </symbol>
      <symbol id="sm-578">
         <name>__aeabi_uidivmod</name>
         <value>0x1bd7d</value>
         <object_component_ref idref="oc-1c1"/>
      </symbol>
      <symbol id="sm-581">
         <name>__eqsf2</name>
         <value>0x1bef1</value>
         <object_component_ref idref="oc-2da"/>
      </symbol>
      <symbol id="sm-582">
         <name>__lesf2</name>
         <value>0x1bef1</value>
         <object_component_ref idref="oc-2da"/>
      </symbol>
      <symbol id="sm-583">
         <name>__ltsf2</name>
         <value>0x1bef1</value>
         <object_component_ref idref="oc-2da"/>
      </symbol>
      <symbol id="sm-584">
         <name>__nesf2</name>
         <value>0x1bef1</value>
         <object_component_ref idref="oc-2da"/>
      </symbol>
      <symbol id="sm-585">
         <name>__cmpsf2</name>
         <value>0x1bef1</value>
         <object_component_ref idref="oc-2da"/>
      </symbol>
      <symbol id="sm-586">
         <name>__gtsf2</name>
         <value>0x1beb5</value>
         <object_component_ref idref="oc-2df"/>
      </symbol>
      <symbol id="sm-587">
         <name>__gesf2</name>
         <value>0x1beb5</value>
         <object_component_ref idref="oc-2df"/>
      </symbol>
      <symbol id="sm-595">
         <name>__ledf2</name>
         <value>0x1b541</value>
         <object_component_ref idref="oc-342"/>
      </symbol>
      <symbol id="sm-596">
         <name>__gedf2</name>
         <value>0x1afb5</value>
         <object_component_ref idref="oc-348"/>
      </symbol>
      <symbol id="sm-597">
         <name>__cmpdf2</name>
         <value>0x1b541</value>
         <object_component_ref idref="oc-342"/>
      </symbol>
      <symbol id="sm-598">
         <name>__eqdf2</name>
         <value>0x1b541</value>
         <object_component_ref idref="oc-342"/>
      </symbol>
      <symbol id="sm-599">
         <name>__ltdf2</name>
         <value>0x1b541</value>
         <object_component_ref idref="oc-342"/>
      </symbol>
      <symbol id="sm-59a">
         <name>__nedf2</name>
         <value>0x1b541</value>
         <object_component_ref idref="oc-342"/>
      </symbol>
      <symbol id="sm-59b">
         <name>__gtdf2</name>
         <value>0x1afb5</value>
         <object_component_ref idref="oc-348"/>
      </symbol>
      <symbol id="sm-5a5">
         <name>__aeabi_idiv0</name>
         <value>0x187f7</value>
         <object_component_ref idref="oc-24f"/>
      </symbol>
      <symbol id="sm-5b3">
         <name>finddevice</name>
         <value>0x1c1b1</value>
         <object_component_ref idref="oc-22f"/>
      </symbol>
      <symbol id="sm-5b4">
         <name>getdevice</name>
         <value>0x1b39d</value>
         <object_component_ref idref="oc-306"/>
      </symbol>
      <symbol id="sm-5bd">
         <name>TI_memcpy_small</name>
         <value>0x1c6c9</value>
         <object_component_ref idref="oc-b7"/>
      </symbol>
      <symbol id="sm-5c6">
         <name>TI_memset_small</name>
         <value>0x1c755</value>
         <object_component_ref idref="oc-18c"/>
      </symbol>
      <symbol id="sm-5ce">
         <name>strcmp</name>
         <value>0x1abb1</value>
         <object_component_ref idref="oc-28b"/>
      </symbol>
      <symbol id="sm-5cf">
         <name>__TI_static_base__</name>
         <value>0x0</value>
      </symbol>
      <symbol id="sm-5d3">
         <name>__mpu_init</name>
         <value>0x0</value>
      </symbol>
      <symbol id="sm-5d4">
         <name>_system_post_cinit</name>
         <value>0x0</value>
      </symbol>
   </symbol_table>
   <title>Link successful</title>
</link_info>
