******************************************************************************
            TI ARM Clang Linker PC v4.0.1                      
******************************************************************************
>> Linked Wed Apr 23 17:16:51 2025

OUTPUT FILE NAME:   <ECE319K_Lab9H.out>
ENTRY POINT SYMBOL: "_c_int00_noargs"  address: 0001c3fd


MEMORY CONFIGURATION

         name            origin    length      used     unused   attr    fill
----------------------  --------  ---------  --------  --------  ----  --------
  FLASH                 00000000   00020000  0001c998  00003668  R  X
  SRAM                  20200000   00008000  00000a69  00007597  RW X
  BCR_CONFIG            41c00000   00000080  00000000  00000080  R   
  BSL_CONFIG            41c00100   00000080  00000000  00000080  R   


SEGMENT ALLOCATION MAP

run origin  load origin   length   init length attrs members
----------  ----------- ---------- ----------- ----- -------
00000000    00000000    0001c998   0001c998    r-x
  00000000    00000000    000000c0   000000c0    r-- .intvecs
  000000c0    000000c0    00015d98   00015d98    r-- .rodata
  00015e58    00015e58    00000008   00000008    r-- .init_array
  00015e60    00015e60    000069d0   000069d0    r-x .text
  0001c830    0001c830    00000168   00000168    r-- .cinit
20200000    20200000    00000870   00000000    rw-
  20200000    20200000    00000481   00000000    rw- .data
  20200488    20200488    00000200   00000000    rw- .sysmem
  20200688    20200688    000001e8   00000000    rw- .bss
20207e00    20207e00    00000200   00000000    rw-
  20207e00    20207e00    00000200   00000000    rw- .stack


SECTION ALLOCATION MAP

 output                                  attributes/
section   page    origin      length       input sections
--------  ----  ----------  ----------   ----------------
.intvecs   0    00000000    000000c0     
                  00000000    000000c0     startup_mspm0g3507_ticlang.o (.intvecs)

.binit     0    00000000    00000000     

.text      0    00015e60    000069d0     
                  00015e60    000015f4     Lab9HMain.o (.text.main)
                  00017454    000002f8     libc.a : s_atan.c.obj (.text.atan)
                  0001774c    000002e0     PokemonMechanics.o (.text._ZN5Berry11updateBerryEP7PokemonS1_)
                  00017a2c    000002ac     PokemonMechanics.o (.text._ZN7Pokemon4MoveEttPS_)
                  00017cd8    00000230     PokemonMechanics.o (.text._ZN7Pokemon6AttackEPKt)
                  00017f08    00000210     ST7735.o (.text._Z17ST7735_DrawBitmapssPKtss)
                  00018118    000001f8     PokemonMechanics.o (.text._ZN10Projectile6updateEaaP7PokemonS1_)
                  00018310    000001b4     Clock.o (.text._Z15Clock_Init80MHzi)
                  000184c4    000001a0     ST7735.o (.text._Z16ST7735_DrawCharSsscssh)
                  00018664    00000192     libclang_rt.builtins.a : adddf3.S.obj (.text.adddf3_subdf3)
                  000187f6    00000002                            : aeabi_div0.c.obj (.text.__aeabi_idiv0)
                  000187f8    00000188     libc.a : e_atan2.c.obj (.text.atan2)
                  00018980    00000184     MovementMechanics.o (.text._Z11J2VGConvertP7Pokemontt)
                  00018b04    00000154     libc.a : fopen.c.obj (.text._openfile)
                  00018c58    00000144     PokemonMechanics.o (.text._ZN5Berry12spawnBerriesEP7PokemonS1_)
                  00018d9c    00000134     MovementMechanics.o (.text._Z11J1VGConvertP7Pokemontt)
                  00018ed0    00000128     TExaS.o (.text._Z8ADC_InitP10ADC12_Regsjj)
                  00018ff8    0000011c     MovementMechanics.o (.text._Z10J1VConvertP7Pokemon)
                  00019114    00000118     Lab9HMain.o (.text.TIMG12_IRQHandler)
                  0001922c    00000118     ST7735.o (.text._Z15ST7735_FillRectsssst)
                  00019344    00000114     PokemonMechanics.o (.text._ZN7Pokemon13IsOverlappingEPS_ii)
                  00019458    00000114     libc.a : memory.c.obj (.text.aligned_alloc)
                  0001956c    00000110     MovementMechanics.o (.text._Z10J2VConvertP7Pokemon)
                  0001967c    0000010c     libclang_rt.builtins.a : divdf3.S.obj (.text.__divdf3)
                  00019788    00000106     PokemonMechanics.o (.text._ZN7PokemonC2EiiPiS0_PA2_PKtS2_S2_iaaahh)
                  0001988e    00000002     libc.a : _lock.c.obj (.text._nop)
                  00019890    00000104     MovementMechanics.o (.text._Z11J2VOConvertP8Outliner)
                  00019994    000000fc     Lab9HMain.o (.text._Z11MyADC1_Initjj)
                  00019a90    000000fc     PokemonMechanics.o (.text._ZN8Outliner4MoveEv)
                  00019b8c    000000f8     SPI.o (.text._Z8SPI_Initv)
                  00019c84    000000f4     ST7735.o (.text._Z18ST7735_SetRotationh)
                  00019d78    000000ec     libsysbm.a : add_device.c.obj (.text.add_device)
                  00019e64    000000e8     TExaS.o (.text._Z9UART_Initv)
                  00019f4c    000000e8     libc.a : memory.c.obj (.text.free)
                  0001a034    000000e4     libclang_rt.builtins.a : muldf3.S.obj (.text.__muldf3)
                  0001a118    000000e0     PokemonMechanics.o (.text._ZN7Pokemon6DeleteEv)
                  0001a1f8    000000e0     libc.a : setvbuf.c.obj (.text.setvbuf)
                  0001a2d8    000000d8     libclang_rt.builtins.a : addsf3.S.obj (.text)
                  0001a3b0    000000d0     ST7735.o (.text._Z14ST7735_OutCharc)
                  0001a480    000000ca     PokemonMechanics.o (.text._Z25isBerryOverlappingPokemoniiP7Pokemon)
                  0001a54a    00000002     --HOLE-- [fill = 0]
                  0001a54c    000000c4     MovementMechanics.o (.text._Z11J1VOConvertP8Outliner)
                  0001a610    000000b8     Lab9HMain.o (.text._Z13Joystick_Initv)
                  0001a6c8    000000ac     Sound.o (.text._Z11Sound_StartPKhjj)
                  0001a774    000000a8     Timer.o (.text._Z14TimerG7_IntArmtjj)
                  0001a81c    000000a2     ST7735.o (.text._ZL11commandListPKh)
                  0001a8be    00000002     --HOLE-- [fill = 0]
                  0001a8c0    000000a0     libsysbm.a : open.c.obj (.text.open)
                  0001a960    0000009c     ST7735.o (.text._Z17ST7735_InitPrintfv)
                  0001a9fc    00000098     ST7735.o (.text._Z12ST7735_InitR10initRFlags)
                  0001aa94    00000094     Timer.o (.text._Z15TimerG12_IntArmjj)
                  0001ab28    00000088     ST7735.o (.text._ZL13setAddrWindowhhhh)
                  0001abb0    00000088     libc.a : strcmp-armv6m.S.obj (.text:strcmp)
                  0001ac38    00000084     ST7735.o (.text._Z14ST7735_OutUDecj)
                  0001acbc    00000084     ST7735.o (.text._Z17ST7735_DrawStringttPcs)
                  0001ad40    00000082     libclang_rt.builtins.a : divsf3.S.obj (.text.__divsf3)
                  0001adc2    00000002     --HOLE-- [fill = 0]
                  0001adc4    0000007c     LaunchPad.o (.text._Z14LaunchPad_Initv)
                  0001ae40    0000007c     SlidePot.o (.text._ZN8SlidePot4InitEv)
                  0001aebc    0000007c     libc.a : fclose.c.obj (.text.__TI_closefile)
                  0001af38    0000007c            : copy_decompress_lzss.c.obj (.text:decompress:lzss)
                  0001afb4    00000074     libclang_rt.builtins.a : comparedf2.c.obj (.text.__gedf2)
                  0001b028    00000008                            : aeabi_memcpy.S.obj (.text.__aeabi_memcpy)
                  0001b030    00000074                            : truncdfsf2.S.obj (.text.__truncdfsf2)
                  0001b0a4    00000070     ST7735.o (.text._Z16ST7735_DrawPixelsst)
                  0001b114    0000006c     libsysbm.a : hostlseek.c.obj (.text.HOSTlseek)
                  0001b180    0000006c                : hostrename.c.obj (.text.HOSTrename)
                  0001b1ec    0000006c     MovementMechanics.o (.text._Z15CheckDeadZoneJ1v)
                  0001b258    0000006c     MovementMechanics.o (.text._Z15CheckDeadZoneJ2v)
                  0001b2c4    0000006c     MovementMechanics.o (.text._Z16CheckDeadZoneJV1v)
                  0001b330    0000006c     MovementMechanics.o (.text._Z16CheckDeadZoneJV2v)
                  0001b39c    0000006c     libc.a : getdevice.c.obj (.text.getdevice)
                  0001b408    00000068     LED.o (.text._Z6LED_Onj)
                  0001b470    00000068     LED.o (.text._Z7LED_Offj)
                  0001b4d8    00000068     PokemonMechanics.o (.text._ZN7Pokemon17updateProjectilesEPS_S0_)
                  0001b540    00000068     libclang_rt.builtins.a : comparedf2.c.obj (.text.__ledf2)
                  0001b5a8    00000064     libc.a : memory.c.obj (.text.split)
                  0001b60c    00000062     libclang_rt.builtins.a : aeabi_dcmp.S.obj (.text.__aeabi_dcmp)
                  0001b66e    00000002     --HOLE-- [fill = 0]
                  0001b670    00000062                            : aeabi_fcmp.S.obj (.text.__aeabi_fcmp)
                  0001b6d2    00000002     --HOLE-- [fill = 0]
                  0001b6d4    00000060     libsysbm.a : hostopen.c.obj (.text.HOSTopen)
                  0001b734    0000005c     Sound.o (.text.SysTick_Handler)
                  0001b790    00000058     libsysbm.a : hostread.c.obj (.text.HOSTread)
                  0001b7e8    00000058                : hostwrite.c.obj (.text.HOSTwrite)
                  0001b840    00000058     TExaS.o (.text._Z10TExaS_InitP10ADC12_RegsjPFhvE)
                  0001b898    00000054     ST7735.o (.text._Z11fillmessagej)
                  0001b8ec    00000054     libc.a : autoinit.c.obj (.text:__TI_auto_init_nobinit)
                  0001b940    00000052            : fflush.c.obj (.text.__TI_doflush)
                  0001b992    00000002     --HOLE-- [fill = 0]
                  0001b994    00000050     Lab9HMain.o (.text._Z9MyADC1_Inh)
                  0001b9e4    00000050     libsysbm.a : close.c.obj (.text.close)
                  0001ba34    0000004c     LED.o (.text._Z8LED_Initv)
                  0001ba80    0000004c     Lab9HMain.o (.text.__cxx_global_var_init.1)
                  0001bacc    0000004c     Lab9HMain.o (.text.__cxx_global_var_init)
                  0001bb18    00000048     libsysbm.a : hostclose.c.obj (.text.HOSTclose)
                  0001bb60    00000048                : hostunlink.c.obj (.text.HOSTunlink)
                  0001bba8    00000048     SPI.o (.text._Z14SPI_OutCommandc)
                  0001bbf0    00000044     PokemonMechanics.o (.text._ZN7Pokemon4DrawEv)
                  0001bc34    00000042     PokemonMechanics.o (.text._ZN8OutlinerC2EiiiiPKtS1_hPK5State)
                  0001bc76    00000002     --HOLE-- [fill = 0]
                  0001bc78    00000042     libclang_rt.builtins.a : fixunsdfsi.S.obj (.text.__fixunsdfsi)
                  0001bcba    00000002     --HOLE-- [fill = 0]
                  0001bcbc    00000040     TExaS.o (.text.TIMG7_IRQHandler)
                  0001bcfc    00000040     Sound.o (.text._Z14SysTick_IntArmjj)
                  0001bd3c    00000040     SPI.o (.text._Z9SPI_Resetv)
                  0001bd7c    00000040     libclang_rt.builtins.a : aeabi_uidivmod.S.obj (.text.__aeabi_uidivmod)
                  0001bdbc    00000040     libc.a : fopen.c.obj (.text._search_fp)
                  0001bdfc    0000003e     PokemonMechanics.o (.text._ZN10Projectile4initEssaaPKt)
                  0001be3a    00000002     --HOLE-- [fill = 0]
                  0001be3c    0000003c     DAC5.o (.text._Z9DAC5_Initv)
                  0001be78    0000003c     MovementMechanics.o (.text._ZNSt3__16__math5atan2B8nn180100IssTnNS_9enable_ifIXaasr13is_arithmeticIT_EE5valuesr13is_arithmeticIT0_EE5valueEiE4typeELi0EEENS_9__promoteIS3_S4_vE4typeES3_S4_)
                  0001beb4    0000003c     libclang_rt.builtins.a : comparesf2.S.obj (.text.__gtsf2)
                  0001bef0    0000003a                            : comparesf2.S.obj (.text.__eqsf2)
                  0001bf2a    00000002     --HOLE-- [fill = 0]
                  0001bf2c    0000003a                            : muldsi3.S.obj (.text.__muldsi3)
                  0001bf66    00000002     --HOLE-- [fill = 0]
                  0001bf68    00000038     SPI.o (.text._Z11SPI_OutDatac)
                  0001bfa0    00000038     LaunchPad.o (.text._Z15ActivatePortA_Bv)
                  0001bfd8    00000038     libclang_rt.builtins.a : fixsfsi.S.obj (.text.__fixsfsi)
                  0001c010    00000034     Sound.o (.text._Z10Sound_Initv)
                  0001c044    00000034     ST7735.o (.text._Z12ST7735_writeiPKcj)
                  0001c078    00000034     Clock.o (.text._Z14Clock_Delay1msj)
                  0001c0ac    00000034     ST7735.o (.text._Z16ST7735_SetCursorjj)
                  0001c0e0    00000034     libc.a : fopen.c.obj (.text.__TI_cleanup)
                  0001c114    00000034     libsysbm.a : trgmsg.c.obj (.text.__TI_readmsg)
                  0001c148    00000034                : trgmsg.c.obj (.text.__TI_writemsg)
                  0001c17c    00000034     libc.a : exit.c.obj (.text.exit)
                  0001c1b0    00000034            : getdevice.c.obj (.text.finddevice)
                  0001c1e4    00000034            : fopen.c.obj (.text.freopen)
                  0001c218    00000032     ST7735.o (.text._Z15ST7735_Color565hhh)
                  0001c24a    00000002     --HOLE-- [fill = 0]
                  0001c24c    00000030     ST7735.o (.text._ZL10commonInitPKh)
                  0001c27c    00000030     libc.a : fopen.c.obj (.text.fopen)
                  0001c2ac    0000002c     ST7735.o (.text._Z17ST7735_FillScreent)
                  0001c2d8    0000002c     Switch.o (.text._Z9Switch_Inv)
                  0001c304    0000002c     libclang_rt.builtins.a : floatsidf.S.obj (.text.__floatsidf)
                  0001c330    0000002c     libsysbm.a : unlink.c.obj (.text.unlink)
                  0001c35c    00000028     Switch.o (.text._Z11Switch_Initv)
                  0001c384    00000028     TExaS.o (.text._Z9ADC_StartP10ADC12_Regs)
                  0001c3ac    00000028     libc.a : memory.c.obj (.text.free_list_insert)
                  0001c3d4    00000028     libsysbm.a : write.c.obj (.text.write)
                  0001c3fc    00000028     libc.a : boot_cortex_m.c.obj (.text:_c_int00_noargs)
                  0001c424    00000026     ST7735.o (.text._Z16ST7735_OutStringPc)
                  0001c44a    00000024     PokemonMechanics.o (.text._ZN5BerryC2Eiib)
                  0001c46e    00000024     PokemonMechanics.o (.text._ZN8Outliner4DrawEv)
                  0001c492    00000024     PokemonMechanics.o (.text._ZN8Outliner6DeleteEv)
                  0001c4b6    00000002     --HOLE-- [fill = 0]
                  0001c4b8    00000024     libclang_rt.builtins.a : floatunsidf.S.obj (.text.__floatunsidf)
                  0001c4dc    00000020     PokemonMechanics.o (.text._Z13Random32againv)
                  0001c4fc    00000020     DAC5.o (.text._Z8DAC5_Outj)
                  0001c51c    00000020     Lab9HMain.o (.text._Z8Random32v)
                  0001c53c    0000001e     ST7735.o (.text._ZL9pushColort)
                  0001c55a    0000001e     SlidePot.o (.text._ZN8SlidePotC2Ejj)
                  0001c578    0000001c     startup_mspm0g3507_ticlang.o (.text.Default_Handler)
                  0001c594    0000001c     startup_mspm0g3507_ticlang.o (.text.HardFault_Handler)
                  0001c5b0    0000001c     Sound.o (.text._Z10Sound_Stopv)
                  0001c5cc    0000001c     MovementMechanics.o (.text._ZNSt3__16__math5atan2B8nn180100IiEEddd)
                  0001c5e8    0000001c     libc.a : memory.c.obj (.text.free_list_remove)
                  0001c604    00000018     PokemonMechanics.o (.text._Z11Randomagainj)
                  0001c61c    00000018     Lab9HMain.o (.text._Z6Randomj)
                  0001c634    00000018     Lab9HMain.o (.text.__cxx_global_var_init.2)
                  0001c64c    00000016     ST7735.o (.text._Z11ST7735_openPKcji)
                  0001c662    00000016     ST7735.o (.text._Z11ST7735_readiPcj)
                  0001c678    00000016     libc.a : copy_zero_init.c.obj (.text:decompress:ZI:__TI_zero_init_nomemset)
                  0001c68e    00000002     --HOLE-- [fill = 0]
                  0001c690    00000014     ST7735.o (.text._Z19ST7735_SetTextColort)
                  0001c6a4    00000012     PokemonMechanics.o (.text._ZN7Pokemon8ChangevxEa)
                  0001c6b6    00000012     PokemonMechanics.o (.text._ZN7Pokemon8ChangevyEa)
                  0001c6c8    00000012     libc.a : memcpy16.S.obj (.text:TI_memcpy_small)
                  0001c6da    00000012            : copy_decompress_none.c.obj (.text:decompress:none)
                  0001c6ec    00000010     Lab9HMain.o (.text._GLOBAL__sub_I_Lab9HMain.cpp)
                  0001c6fc    00000010     Clock.o (.text._Z11Clock_Delayj)
                  0001c70c    00000010     Lab9HMain.o (.text._Z28TExaS_LaunchPadLogicPB27PB26v)
                  0001c71c    0000000e     libc.a : memory.c.obj (.text.OUTLINED_FUNCTION_0)
                  0001c72a    0000000e     ST7735.o (.text._Z12ST7735_lseekili)
                  0001c738    0000000e     libsysbm.a : hostrename.c.obj (.text.strcpy)
                  0001c746    0000000e                : hostrename.c.obj (.text.strlen)
                  0001c754    0000000e     libc.a : memset16.S.obj (.text:TI_memset_small)
                  0001c762    00000002     --HOLE-- [fill = 0]
                  0001c764    0000000c     Clock.o (.text._Z10Clock_Freqv)
                  0001c770    0000000c     ST7735.o (.text._Z13ST7735_renamePKcS0_)
                  0001c77c    0000000c     Lab9HMain.o (.text._Z15Joystick1_ReadXv)
                  0001c788    0000000c     Lab9HMain.o (.text._Z15Joystick1_ReadYv)
                  0001c794    0000000c     Lab9HMain.o (.text._Z15Joystick2_ReadXv)
                  0001c7a0    0000000c     Lab9HMain.o (.text._Z15Joystick2_ReadYv)
                  0001c7ac    0000000c     libclang_rt.builtins.a : aeabi_memset.S.obj (.text.__aeabi_memclr)
                  0001c7b8    0000000c     libc.a : memory.c.obj (.text.malloc)
                  0001c7c4    0000000a            : s_atan.c.obj (.text.OUTLINED_FUNCTION_0)
                  0001c7ce    00000002     --HOLE-- [fill = 0]
                  0001c7d0    00000010     libclang_rt.builtins.a : muldf3.S.obj (.tramp.__aeabi_dmul.1)
                  0001c7e0    0000000a     ST7735.o (.text._Z12ST7735_closei)
                  0001c7ea    0000000a     ST7735.o (.text._Z13ST7735_unlinkPKc)
                  0001c7f4    0000000a     Lab9HMain.o (.text._Z8PLL_Initv)
                  0001c7fe    00000008     libc.a : s_atan.c.obj (.text.OUTLINED_FUNCTION_2)
                  0001c806    00000008     libsysbm.a : remove.c.obj (.text.remove)
                  0001c80e    00000006     libc.a : s_atan.c.obj (.text.OUTLINED_FUNCTION_1)
                  0001c814    00000010     libclang_rt.builtins.a : adddf3.S.obj (.tramp.__aeabi_dadd.1)
                  0001c824    00000004     startup_mspm0g3507_ticlang.o (.text.Reset_Handler)
                  0001c828    00000004     libc.a : pre_init.c.obj (.text._system_pre_init)
                  0001c82c    00000004            : exit.c.obj (.text:abort)

.cinit     0    0001c830    00000168     
                  0001c830    00000140     (.cinit..data.load) [load image, compression = lzss]
                  0001c970    0000000c     (__TI_handler_table)
                  0001c97c    00000008     (.cinit..bss.load) [load image, compression = zero_init]
                  0001c984    00000010     (__TI_cinit_table)
                  0001c994    00000004     --HOLE-- [fill = 0]

.rodata    0    000000c0    00015d98     
                  000000c0    00002328     Lab9HMain.o (.rodata._ZL3Sat)
                  000023e8    00001d92     Lab9HMain.o (.rodata._ZL9slimeball)
                  0000417a    000013ec     Lab9HMain.o (.rodata._ZL6Choose)
                  00005566    00001194     Lab9HMain.o (.rodata._ZL5Press)
                  000066fa    00001031     Lab9HMain.o (.rodata._ZL6Sniper)
                  0000772b    00000fea     Lab9HMain.o (.rodata._ZL5shoot)
                  00008715    000008af     Lab9HMain.o (.rodata._ZL5laser)
                  00008fc4    00000600     Lab9HMain.o (.rodata._ZL6BLeft1)
                  000095c4    00000600     Lab9HMain.o (.rodata._ZL6BLeft3)
                  00009bc4    00000600     Lab9HMain.o (.rodata._ZL7BRight1)
                  0000a1c4    00000600     Lab9HMain.o (.rodata._ZL7BRight3)
                  0000a7c4    000005e4     Lab9HMain.o (.rodata._ZL7Outline)
                  0000ada8    000005e4     Lab9HMain.o (.rodata._ZL8Boutline)
                  0000b38c    000005e4     Lab9HMain.o (.rodata._ZL8Outline2)
                  0000b970    00000540     Lab9HMain.o (.rodata._ZL6CLeft1)
                  0000beb0    00000540     Lab9HMain.o (.rodata._ZL6CLeft3)
                  0000c3f0    00000540     Lab9HMain.o (.rodata._ZL7CRight1)
                  0000c930    00000540     Lab9HMain.o (.rodata._ZL7CRight3)
                  0000ce70    000004fb     ST7735.o (.rodata._ZL4Font)
                  0000d36b    00000001     --HOLE-- [fill = 0]
                  0000d36c    000004e2     Lab9HMain.o (.rodata._ZL6PLeft1)
                  0000d84e    000004e2     Lab9HMain.o (.rodata._ZL6PLeft3)
                  0000dd30    000004e2     Lab9HMain.o (.rodata._ZL6SLeft1)
                  0000e212    000004e2     Lab9HMain.o (.rodata._ZL6SLeft3)
                  0000e6f4    000004e2     Lab9HMain.o (.rodata._ZL7PRight1)
                  0000ebd6    000004e2     Lab9HMain.o (.rodata._ZL7PRight3)
                  0000f0b8    000004e2     Lab9HMain.o (.rodata._ZL7SRight1)
                  0000f59a    000004e2     Lab9HMain.o (.rodata._ZL7SRight3)
                  0000fa7c    000004e0     Lab9HMain.o (.rodata._ZL6PBack1)
                  0000ff5c    000004e0     Lab9HMain.o (.rodata._ZL6PBack3)
                  0001043c    000004e0     Lab9HMain.o (.rodata._ZL7BFront1)
                  0001091c    000004e0     PokemonMechanics.o (.rodata._ZL7BFront1)
                  00010dfc    000004e0     Lab9HMain.o (.rodata._ZL7BFront3)
                  000112dc    000004da     Lab9HMain.o (.rodata._ZL7PFront1)
                  000117b6    000004da     PokemonMechanics.o (.rodata._ZL7PFront1)
                  00011c90    000004da     Lab9HMain.o (.rodata._ZL7PFront3)
                  0001216a    00000478     Lab9HMain.o (.rodata._ZL6BBack1)
                  000125e2    00000478     Lab9HMain.o (.rodata._ZL6BBack3)
                  00012a5a    000003b6     Lab9HMain.o (.rodata._ZL5crown)
                  00012e10    000003a8     Lab9HMain.o (.rodata._ZL6SBack1)
                  000131b8    000003a8     Lab9HMain.o (.rodata._ZL6SBack3)
                  00013560    000003a8     Lab9HMain.o (.rodata._ZL7SFront1)
                  00013908    000003a8     PokemonMechanics.o (.rodata._ZL7SFront1)
                  00013cb0    000003a8     Lab9HMain.o (.rodata._ZL7SFront3)
                  00014058    00000396     Lab9HMain.o (.rodata._ZL7CFront1)
                  000143ee    00000396     PokemonMechanics.o (.rodata._ZL7CFront1)
                  00014784    00000396     Lab9HMain.o (.rodata._ZL7CFront3)
                  00014b1a    00000380     Lab9HMain.o (.rodata._ZL6CBack1)
                  00014e9a    00000380     Lab9HMain.o (.rodata._ZL6CBack3)
                  0001521a    00000200     Lab9HMain.o (.rodata._ZL6Select)
                  0001541a    00000120     Lab9HMain.o (.rodata._ZL10lightning1)
                  0001553a    00000120     PokemonMechanics.o (.rodata._ZL14backgroundShot)
                  0001565a    00000120     Lab9HMain.o (.rodata._ZL5leaf1)
                  0001577a    00000120     Lab9HMain.o (.rodata._ZL7bubble1)
                  0001589a    00000120     Lab9HMain.o (.rodata._ZL9fireball1)
                  000159ba    00000002     Lab9HMain.o (.rodata._ZL15TestBackground1)
                  000159bc    00000050     Lab9HMain.o (.rodata._ZL8Selectin)
                  00015a0c    00000004     Lab9HMain.o (.rodata.str1.11496757255609617361)
                  00015a10    00000040     libc.a : s_atan.c.obj (.rodata.cst32)
                  00015a50    0000003b     ST7735.o (.rodata._ZL5Rcmd1)
                  00015a8b    0000002b     ST7735.o (.rodata._ZL5Rcmd3)
                  00015ab6    00000020     Lab9HMain.o (.rodata._ZL7SinWave)
                  00015ad6    00000017     Lab9HMain.o (.rodata.str1.135363822859471765721)
                  00015aed    00000016     Lab9HMain.o (.rodata.str1.36435047076059183751)
                  00015b03    00000016     ST7735.o (.rodata.str1.42807706315163265321)
                  00015b19    00000016     Lab9HMain.o (.rodata.str1.56748971971382791101)
                  00015b2f    00000015     Lab9HMain.o (.rodata.str1.36136728744051949671)
                  00015b44    00000015     Lab9HMain.o (.rodata.str1.83825177433895026111)
                  00015b59    00000014     Lab9HMain.o (.rodata.str1.138655844362382431591)
                  00015b6d    00000014     Lab9HMain.o (.rodata.str1.151994399932148622421)
                  00015b81    00000014     Lab9HMain.o (.rodata.str1.74972908382394591551)
                  00015b95    00000014     Lab9HMain.o (.rodata.str1.77946550721901366211)
                  00015ba9    00000014     Lab9HMain.o (.rodata.str1.82365951505210472041)
                  00015bbd    00000013     Lab9HMain.o (.rodata.str1.160588362872062865081)
                  00015bd0    00000013     Lab9HMain.o (.rodata.str1.5541580624040671811)
                  00015be3    00000013     Lab9HMain.o (.rodata.str1.94539348878818337631)
                  00015bf6    00000012     Lab9HMain.o (.rodata.str1.11344128452655267101)
                  00015c08    00000012     Lab9HMain.o (.rodata.str1.144606553268132684431)
                  00015c1a    00000012     Lab9HMain.o (.rodata.str1.148045851500927898161)
                  00015c2c    00000011     Lab9HMain.o (.rodata.str1.113724764143009181171)
                  00015c3d    00000011     Lab9HMain.o (.rodata.str1.159232519268031278891)
                  00015c4e    00000011     Lab9HMain.o (.rodata.str1.64434510243936695551)
                  00015c5f    00000011     Lab9HMain.o (.rodata.str1.8734979013979085121)
                  00015c70    00000011     Lab9HMain.o (.rodata.str1.89800876338655967931)
                  00015c81    00000010     MovementMechanics.o (.rodata._ZL2dx)
                  00015c91    00000010     MovementMechanics.o (.rodata._ZL2dy)
                  00015ca1    00000010     Lab9HMain.o (.rodata.str1.102680895847577752451)
                  00015cb1    00000010     Lab9HMain.o (.rodata.str1.152877561564259328651)
                  00015cc1    00000010     Lab9HMain.o (.rodata.str1.15360766164854299121)
                  00015cd1    0000000f     Lab9HMain.o (.rodata.str1.109436695696880395661)
                  00015ce0    0000000f     Lab9HMain.o (.rodata.str1.142763588511342823311)
                  00015cef    0000000f     Lab9HMain.o (.rodata.str1.23590046733729415691)
                  00015cfe    0000000f     Lab9HMain.o (.rodata.str1.43928348135455860411)
                  00015d0d    0000000e     Lab9HMain.o (.rodata.str1.127697084792661680291)
                  00015d1b    0000000e     Lab9HMain.o (.rodata.str1.136243777921425235241)
                  00015d29    0000000e     Lab9HMain.o (.rodata.str1.150236657587030721481)
                  00015d37    0000000e     Lab9HMain.o (.rodata.str1.174784611191131523741)
                  00015d45    0000000e     Lab9HMain.o (.rodata.str1.23765623467681484731)
                  00015d53    0000000d     ST7735.o (.rodata._ZL10Rcmd2green)
                  00015d60    0000000d     ST7735.o (.rodata._ZL8Rcmd2red)
                  00015d6d    0000000d     Lab9HMain.o (.rodata.str1.157619618902765404011)
                  00015d7a    0000000d     Lab9HMain.o (.rodata.str1.3417917420049152261)
                  00015d87    0000000c     Lab9HMain.o (.rodata.str1.1045638472106105921)
                  00015d93    0000000c     Lab9HMain.o (.rodata.str1.135587178987165645761)
                  00015d9f    0000000c     Lab9HMain.o (.rodata.str1.150864919958333191721)
                  00015dab    0000000c     Lab9HMain.o (.rodata.str1.153611327788591117731)
                  00015db7    0000000c     Lab9HMain.o (.rodata.str1.53064498209084138541)
                  00015dc3    0000000c     Lab9HMain.o (.rodata.str1.74067424030976851731)
                  00015dcf    0000000c     Lab9HMain.o (.rodata.str1.92738753765294272191)
                  00015ddb    0000000b     Lab9HMain.o (.rodata.str1.73537796465405190331)
                  00015de6    0000000b     Lab9HMain.o (.rodata.str1.77537124499135762401)
                  00015df1    0000000a     Lab9HMain.o (.rodata.str1.26709213299824485171)
                  00015dfb    0000000a     Lab9HMain.o (.rodata.str1.52989930570356204641)
                  00015e05    00000008     Lab9HMain.o (.rodata.str1.111419002654919774411)
                  00015e0d    00000008     Lab9HMain.o (.rodata.str1.127355083631790718591)
                  00015e15    00000008     Lab9HMain.o (.rodata.str1.146001042131899712501)
                  00015e1d    00000008     Lab9HMain.o (.rodata.str1.174157834329391720891)
                  00015e25    00000008     ST7735.o (.rodata.str1.42583852309992957011)
                  00015e2d    00000008     Lab9HMain.o (.rodata.str1.56500771261871721551)
                  00015e35    00000007     ST7735.o (.rodata.str1.17355258156176741541)
                  00015e3c    00000007     ST7735.o (.rodata.str1.29379610910606814831)
                  00015e43    00000004     Lab9HMain.o (.rodata.str1.140738354504795137741)
                  00015e47    00000004     Lab9HMain.o (.rodata.str1.163794922011496282761)
                  00015e4b    00000004     Lab9HMain.o (.rodata.str1.99973036215516005621)
                  00015e4f    00000002     ST7735.o (.rodata.str1.107175415033252073641)
                  00015e51    00000007     --HOLE-- [fill = 0]

.init_array 
*          0    00015e58    00000008     
                  00015e58    00000004     Lab9HMain.o (.init_array)
                  00015e5c    00000004     --HOLE-- [fill = 0]

.data      0    20200000    00000481     UNINITIALIZED
                  20200000    000000f0     libc.a : defs.c.obj (.data._ftable)
                  202000f0    00000078     Lab9HMain.o (.data.P1)
                  20200168    00000078     Lab9HMain.o (.data.P2)
                  202001e0    00000078     libsysbm.a : host_device.c.obj (.data._device)
                  20200258    00000050                : host_device.c.obj (.data._stream)
                  202002a8    0000003c     PokemonMechanics.o (.data.shots)
                  202002e4    00000020     Lab9HMain.o (.data.bulbaFrames)
                  20200304    00000020     Lab9HMain.o (.data.charmanderFrames)
                  20200324    00000020     Lab9HMain.o (.data.pikachuFrames)
                  20200344    00000020     Lab9HMain.o (.data.squirtleFrames)
                  20200364    00000014     Lab9HMain.o (.data.Sensor)
                  20200378    00000010     Lab9HMain.o (.data.bulbaFramesHeight)
                  20200388    00000010     Lab9HMain.o (.data.bulbaFramesWidth)
                  20200398    00000010     Lab9HMain.o (.data.charmanderFramesHeight)
                  202003a8    00000010     Lab9HMain.o (.data.charmanderFramesWidth)
                  202003b8    00000010     Lab9HMain.o (.data.pikachuFramesHeight)
                  202003c8    00000010     Lab9HMain.o (.data.pikachuFramesWidth)
                  202003d8    00000010     Lab9HMain.o (.data.squirtleFramesHeight)
                  202003e8    00000010     Lab9HMain.o (.data.squirtleFramesWidth)
                  202003f8    0000000a     PokemonMechanics.o (.data.shotspeeddx)
                  20200402    0000000a     PokemonMechanics.o (.data.shotspeeddy)
                  2020040c    00000008     libc.a : exit.c.obj (.data..L_MergedGlobals)
                  20200414    00000004     Clock.o (.data.BusFreq)
                  20200418    00000004     Lab9HMain.o (.data.Flag)
                  2020041c    00000004     Lab9HMain.o (.data.G12Count)
                  20200420    00000004     Lab9HMain.o (.data.LEDtimer)
                  20200424    00000004     Lab9HMain.o (.data.M)
                  20200428    00000004     PokemonMechanics.o (.data.R)
                  2020042c    00000004     ST7735.o (.data.StX)
                  20200430    00000004     ST7735.o (.data.StY)
                  20200434    00000004     libc.a : defs.c.obj (.data.__TI_ft_end)
                  20200438    00000004            : _lock.c.obj (.data._lock)
                  2020043c    00000004            : _lock.c.obj (.data._unlock)
                  20200440    00000004     Switch.o (.data.input)
                  20200444    00000004     Lab9HMain.o (.data.p1AttackTicks)
                  20200448    00000004     Lab9HMain.o (.data.p1AttackTimer)
                  2020044c    00000004     Lab9HMain.o (.data.p1SpecialTimer)
                  20200450    00000004     Lab9HMain.o (.data.p2AttackTicks)
                  20200454    00000004     Lab9HMain.o (.data.p2AttackTimer)
                  20200458    00000004     Lab9HMain.o (.data.p2SpecialTimer)
                  2020045c    00000004     Sound.o (.data.soundCount)
                  20200460    00000004     Sound.o (.data.soundIndex)
                  20200464    00000004     Sound.o (.data.soundPointer)
                  20200468    00000002     Lab9HMain.o (.data.J1X)
                  2020046a    00000002     Lab9HMain.o (.data.J1Y)
                  2020046c    00000002     Lab9HMain.o (.data.J2X)
                  2020046e    00000002     Lab9HMain.o (.data.J2Y)
                  20200470    00000002     ST7735.o (.data.StTextColor)
                  20200472    00000002     ST7735.o (.data._ZL6_width)
                  20200474    00000002     ST7735.o (.data._ZL7_height)
                  20200476    00000001     Lab9HMain.o (.data.Switch)
                  20200477    00000001     Lab9HMain.o (.data.p1SpecialCountdown)
                  20200478    00000001     libsysbm.a : add_device.c.obj (.data.add_device.device_init)
                  20200479    00000001     Lab9HMain.o (.data.p2SpecialCountdown)
                  2020047a    00000002     --HOLE--
                  2020047c    00000001     libc.a : memory.c.obj (.data.memory_is_initialized)
                  2020047d    00000003     --HOLE--
                  20200480    00000001     libsysbm.a : open.c.obj (.data.open.stream_init)

.sysmem    0    20200488    00000200     UNINITIALIZED
                  20200488    00000010     libc.a : memory.c.obj (.sysmem)
                  20200498    000001f0     --HOLE--

.bss       0    20200688    000001e8     UNINITIALIZED
                  20200688    00000120     libsysbm.a : trgmsg.c.obj (.bss:_CIOBUF_)
                  202007a8    000000a0     libc.a : defs.c.obj (.bss.__TI_tmpnams)
                  20200848    0000000c     ST7735.o (.bss.Message)
                  20200854    00000008     libsysbm.a : hostopen.c.obj (.bss.parmbuf)
                  2020085c    00000004     ST7735.o (.bss.Messageindex)
                  20200860    00000004     TExaS.o (.bss.TExaSLogic)
                  20200864    00000004     TExaS.o (.bss.TExaSadc)
                  20200868    00000004     libc.a : memory.c.obj (.bss.sys_free)
                  2020086c    00000001     ST7735.o (.bss._ZL8ColStart)
                  2020086d    00000001     ST7735.o (.bss._ZL8Rotation)
                  2020086e    00000001     ST7735.o (.bss._ZL8RowStart)
                  2020086f    00000001     ST7735.o (.bss._ZL8TabColor)

.stack     0    20207e00    00000200     UNINITIALIZED
                  20207e00    00000004     libc.a : boot_cortex_m.c.obj (.stack)
                  20207e04    000001fc     --HOLE--

__llvm_prf_cnts 
*          0    20200000    00000000     UNINITIALIZED

__llvm_prf_bits 
*          0    20200000    00000000     UNINITIALIZED

MODULE SUMMARY

       Module                         code    ro data   rw data
       ------                         ----    -------   -------
    .\
       Lab9HMain.o                    6738    83315     567    
       PokemonMechanics.o             4524    4632      84     
       ST7735.o                       3166    1449      34     
       MovementMechanics.o            2228    32        0      
       TExaS.o                        720     0         8      
       Clock.o                        516     0         4      
       SPI.o                          440     0         0      
       Sound.o                        408     0         12     
       Timer.o                        316     0         0      
       LED.o                          284     0         0      
       LaunchPad.o                    180     0         0      
       SlidePot.o                     154     0         0      
       DAC5.o                         92      0         0      
       Switch.o                       84      0         4      
    +--+------------------------------+-------+---------+---------+
       Total:                         19850   89428     713    
                                                               
    .\ticlang\
       startup_mspm0g3507_ticlang.o   60      192       0      
    +--+------------------------------+-------+---------+---------+
       Total:                         60      192       0      
                                                               
    C:\ti\ccs2000\ccs\tools\compiler\ti-cgt-armllvm_4.0.1.LTS\lib\armv6m-ti-none-eabi/c/libc.a
       s_atan.c.obj                   784     64        0      
       memory.c.obj                   702     0         5      
       fopen.c.obj                    556     0         0      
       defs.c.obj                     0       0         404    
       e_atan2.c.obj                  392     0         0      
       setvbuf.c.obj                  224     0         0      
       getdevice.c.obj                160     0         0      
       strcmp-armv6m.S.obj            136     0         0      
       copy_decompress_lzss.c.obj     124     0         0      
       fclose.c.obj                   124     0         0      
       autoinit.c.obj                 84      0         0      
       fflush.c.obj                   82      0         0      
       exit.c.obj                     56      0         8      
       boot_cortex_m.c.obj            40      0         0      
       copy_zero_init.c.obj           22      0         0      
       copy_decompress_none.c.obj     18      0         0      
       memcpy16.S.obj                 18      0         0      
       memset16.S.obj                 14      0         0      
       _lock.c.obj                    2       0         8      
       pre_init.c.obj                 4       0         0      
    +--+------------------------------+-------+---------+---------+
       Total:                         3542    64        425    
                                                               
    C:\ti\ccs2000\ccs\tools\compiler\ti-cgt-armllvm_4.0.1.LTS\lib\armv6m-ti-none-eabi/c/libsysbm.a
       trgmsg.c.obj                   104     0         288    
       add_device.c.obj               236     0         1      
       host_device.c.obj              0       0         200    
       open.c.obj                     160     0         1      
       hostrename.c.obj               136     0         0      
       hostlseek.c.obj                108     0         0      
       hostopen.c.obj                 96      0         8      
       hostread.c.obj                 88      0         0      
       hostwrite.c.obj                88      0         0      
       close.c.obj                    80      0         0      
       hostclose.c.obj                72      0         0      
       hostunlink.c.obj               72      0         0      
       unlink.c.obj                   44      0         0      
       write.c.obj                    40      0         0      
       remove.c.obj                   8       0         0      
    +--+------------------------------+-------+---------+---------+
       Total:                         1332    0         498    
                                                               
    C:\ti\ccs2000\ccs\tools\compiler\ti-cgt-armllvm_4.0.1.LTS\lib\armv6m-ti-none-eabi/libclang_rt.builtins.a
       adddf3.S.obj                   418     0         0      
       divdf3.S.obj                   268     0         0      
       muldf3.S.obj                   244     0         0      
       comparedf2.c.obj               220     0         0      
       addsf3.S.obj                   216     0         0      
       divsf3.S.obj                   130     0         0      
       comparesf2.S.obj               118     0         0      
       truncdfsf2.S.obj               116     0         0      
       aeabi_dcmp.S.obj               98      0         0      
       aeabi_fcmp.S.obj               98      0         0      
       fixunsdfsi.S.obj               66      0         0      
       aeabi_uidivmod.S.obj           64      0         0      
       muldsi3.S.obj                  58      0         0      
       fixsfsi.S.obj                  56      0         0      
       floatsidf.S.obj                44      0         0      
       floatunsidf.S.obj              36      0         0      
       aeabi_memset.S.obj             12      0         0      
       aeabi_memcpy.S.obj             8       0         0      
       aeabi_div0.c.obj               2       0         0      
    +--+------------------------------+-------+---------+---------+
       Total:                         2272    0         0      
                                                               
       Heap:                          0       0         512    
       Stack:                         0       0         512    
       Linker Generated:              0       356       0      
    +--+------------------------------+-------+---------+---------+
       Grand Total:                   27056   90040     2660   


LINKER GENERATED COPY TABLES

__TI_cinit_table @ 0001c984 records: 2, size/record: 8, table size: 16
	.data: load addr=0001c830, load size=00000140 bytes, run addr=20200000, run size=00000481 bytes, compression=lzss
	.bss: load addr=0001c97c, load size=00000008 bytes, run addr=20200688, run size=000001e8 bytes, compression=zero_init


LINKER GENERATED HANDLER TABLE

__TI_handler_table @ 0001c970 records: 3, size/record: 4, table size: 12
	index: 0, handler: __TI_decompress_lzss
	index: 1, handler: __TI_decompress_none
	index: 2, handler: __TI_zero_init


FAR CALL TRAMPOLINES

callee name               trampoline name
   callee addr  tramp addr   call addr  call info
--------------  -----------  ---------  ----------------
__aeabi_dmul              $Tramp$TT$L$PI$$__aeabi_dmul
   0001a035     0001c7d0     0001c7cc   libc.a : s_atan.c.obj (.text.OUTLINED_FUNCTION_0)
                             0001c804          : s_atan.c.obj (.text.OUTLINED_FUNCTION_2)
__aeabi_dadd              $Tramp$TT$L$PI$$__aeabi_dadd
   0001866f     0001c814     0001c812   libc.a : s_atan.c.obj (.text.OUTLINED_FUNCTION_1)

[2 trampolines]
[3 trampoline calls]


GLOBAL SYMBOLS: SORTED ALPHABETICALLY BY Name 

address   name                                                                                                                                                            
-------   ----                                                                                                                                                            
0001c579  ADC0_IRQHandler                                                                                                                                                 
0001c579  ADC1_IRQHandler                                                                                                                                                 
0001c579  AES_IRQHandler                                                                                                                                                  
20200414  BusFreq                                                                                                                                                         
0001c82c  C$$EXIT                                                                                                                                                         
0001c175  C$$IO$$                                                                                                                                                         
0001c579  CANFD0_IRQHandler                                                                                                                                               
0001c579  DAC0_IRQHandler                                                                                                                                                 
0001c579  DMA_IRQHandler                                                                                                                                                  
0001c579  Default_Handler                                                                                                                                                 
20200418  Flag                                                                                                                                                            
2020041c  G12Count                                                                                                                                                        
0001c579  GROUP0_IRQHandler                                                                                                                                               
0001c579  GROUP1_IRQHandler                                                                                                                                               
0001bb19  HOSTclose                                                                                                                                                       
0001b115  HOSTlseek                                                                                                                                                       
0001b6d5  HOSTopen                                                                                                                                                        
0001b791  HOSTread                                                                                                                                                        
0001b181  HOSTrename                                                                                                                                                      
0001bb61  HOSTunlink                                                                                                                                                      
0001b7e9  HOSTwrite                                                                                                                                                       
0001c595  HardFault_Handler                                                                                                                                               
0001c579  I2C0_IRQHandler                                                                                                                                                 
0001c579  I2C1_IRQHandler                                                                                                                                                 
20200468  J1X                                                                                                                                                             
2020046a  J1Y                                                                                                                                                             
2020046c  J2X                                                                                                                                                             
2020046e  J2Y                                                                                                                                                             
20200420  LEDtimer                                                                                                                                                        
20200424  M                                                                                                                                                               
20200848  Message                                                                                                                                                         
2020085c  Messageindex                                                                                                                                                    
0001c579  NMI_Handler                                                                                                                                                     
202000f0  P1                                                                                                                                                              
20200168  P2                                                                                                                                                              
0001c579  PendSV_Handler                                                                                                                                                  
20200428  R                                                                                                                                                               
0001c579  RTC_IRQHandler                                                                                                                                                  
0001c825  Reset_Handler                                                                                                                                                   
00015e58  SHT$$INIT_ARRAY$$Base                                                                                                                                           
00015e5c  SHT$$INIT_ARRAY$$Limit                                                                                                                                          
0001c579  SPI0_IRQHandler                                                                                                                                                 
0001c579  SPI1_IRQHandler                                                                                                                                                 
0001c579  SVC_Handler                                                                                                                                                     
20200364  Sensor                                                                                                                                                          
20200470  StTextColor                                                                                                                                                     
2020042c  StX                                                                                                                                                             
20200430  StY                                                                                                                                                             
20200476  Switch                                                                                                                                                          
0001b735  SysTick_Handler                                                                                                                                                 
20200860  TExaSLogic                                                                                                                                                      
20200864  TExaSadc                                                                                                                                                        
0001c579  TIMA0_IRQHandler                                                                                                                                                
0001c579  TIMA1_IRQHandler                                                                                                                                                
0001c579  TIMG0_IRQHandler                                                                                                                                                
00019115  TIMG12_IRQHandler                                                                                                                                               
0001c579  TIMG6_IRQHandler                                                                                                                                                
0001bcbd  TIMG7_IRQHandler                                                                                                                                                
0001c579  TIMG8_IRQHandler                                                                                                                                                
0001c6c9  TI_memcpy_small                                                                                                                                                 
0001c755  TI_memset_small                                                                                                                                                 
0001c579  UART0_IRQHandler                                                                                                                                                
0001c579  UART1_IRQHandler                                                                                                                                                
0001c579  UART2_IRQHandler                                                                                                                                                
0001c579  UART3_IRQHandler                                                                                                                                                
20200688  _CIOBUF_                                                                                                                                                        
0001c765  _Z10Clock_Freqv                                                                                                                                                 
00018ff9  _Z10J1VConvertP7Pokemon                                                                                                                                         
0001956d  _Z10J2VConvertP7Pokemon                                                                                                                                         
0001c011  _Z10Sound_Initv                                                                                                                                                 
0001c5b1  _Z10Sound_Stopv                                                                                                                                                 
0001b841  _Z10TExaS_InitP10ADC12_RegsjPFhvE                                                                                                                               
0001c6fd  _Z11Clock_Delayj                                                                                                                                                
00018d9d  _Z11J1VGConvertP7Pokemontt                                                                                                                                      
0001a54d  _Z11J1VOConvertP8Outliner                                                                                                                                       
00018981  _Z11J2VGConvertP7Pokemontt                                                                                                                                      
00019891  _Z11J2VOConvertP8Outliner                                                                                                                                       
00019995  _Z11MyADC1_Initjj                                                                                                                                               
0001c605  _Z11Randomagainj                                                                                                                                                
0001bf69  _Z11SPI_OutDatac                                                                                                                                                
0001c64d  _Z11ST7735_openPKcji                                                                                                                                            
0001c663  _Z11ST7735_readiPcj                                                                                                                                             
0001a6c9  _Z11Sound_StartPKhjj                                                                                                                                            
0001c35d  _Z11Switch_Initv                                                                                                                                                
0001b899  _Z11fillmessagej                                                                                                                                                
0001a9fd  _Z12ST7735_InitR10initRFlags                                                                                                                                    
0001c7e1  _Z12ST7735_closei                                                                                                                                               
0001c72b  _Z12ST7735_lseekili                                                                                                                                             
0001c045  _Z12ST7735_writeiPKcj                                                                                                                                           
0001a611  _Z13Joystick_Initv                                                                                                                                              
0001c4dd  _Z13Random32againv                                                                                                                                              
0001c771  _Z13ST7735_renamePKcS0_                                                                                                                                         
0001c7eb  _Z13ST7735_unlinkPKc                                                                                                                                            
0001c079  _Z14Clock_Delay1msj                                                                                                                                             
0001adc5  _Z14LaunchPad_Initv                                                                                                                                             
0001bba9  _Z14SPI_OutCommandc                                                                                                                                             
0001a3b1  _Z14ST7735_OutCharc                                                                                                                                             
0001ac39  _Z14ST7735_OutUDecj                                                                                                                                             
0001bcfd  _Z14SysTick_IntArmjj                                                                                                                                            
0001a775  _Z14TimerG7_IntArmtjj                                                                                                                                           
0001bfa1  _Z15ActivatePortA_Bv                                                                                                                                            
0001b1ed  _Z15CheckDeadZoneJ1v                                                                                                                                            
0001b259  _Z15CheckDeadZoneJ2v                                                                                                                                            
00018311  _Z15Clock_Init80MHzi                                                                                                                                            
0001c77d  _Z15Joystick1_ReadXv                                                                                                                                            
0001c789  _Z15Joystick1_ReadYv                                                                                                                                            
0001c795  _Z15Joystick2_ReadXv                                                                                                                                            
0001c7a1  _Z15Joystick2_ReadYv                                                                                                                                            
0001c219  _Z15ST7735_Color565hhh                                                                                                                                          
0001922d  _Z15ST7735_FillRectsssst                                                                                                                                        
0001aa95  _Z15TimerG12_IntArmjj                                                                                                                                           
0001b2c5  _Z16CheckDeadZoneJV1v                                                                                                                                           
0001b331  _Z16CheckDeadZoneJV2v                                                                                                                                           
000184c5  _Z16ST7735_DrawCharSsscssh                                                                                                                                      
0001b0a5  _Z16ST7735_DrawPixelsst                                                                                                                                         
0001c425  _Z16ST7735_OutStringPc                                                                                                                                          
0001c0ad  _Z16ST7735_SetCursorjj                                                                                                                                          
00017f09  _Z17ST7735_DrawBitmapssPKtss                                                                                                                                    
0001acbd  _Z17ST7735_DrawStringttPcs                                                                                                                                      
0001c2ad  _Z17ST7735_FillScreent                                                                                                                                          
0001a961  _Z17ST7735_InitPrintfv                                                                                                                                          
00019c85  _Z18ST7735_SetRotationh                                                                                                                                         
0001c691  _Z19ST7735_SetTextColort                                                                                                                                        
0001a481  _Z25isBerryOverlappingPokemoniiP7Pokemon                                                                                                                        
0001c70d  _Z28TExaS_LaunchPadLogicPB27PB26v                                                                                                                               
0001b409  _Z6LED_Onj                                                                                                                                                      
0001c61d  _Z6Randomj                                                                                                                                                      
0001b471  _Z7LED_Offj                                                                                                                                                     
00018ed1  _Z8ADC_InitP10ADC12_Regsjj                                                                                                                                      
0001c4fd  _Z8DAC5_Outj                                                                                                                                                    
0001ba35  _Z8LED_Initv                                                                                                                                                    
0001c7f5  _Z8PLL_Initv                                                                                                                                                    
0001c51d  _Z8Random32v                                                                                                                                                    
00019b8d  _Z8SPI_Initv                                                                                                                                                    
0001c385  _Z9ADC_StartP10ADC12_Regs                                                                                                                                       
0001be3d  _Z9DAC5_Initv                                                                                                                                                   
0001b995  _Z9MyADC1_Inh                                                                                                                                                   
0001bd3d  _Z9SPI_Resetv                                                                                                                                                   
0001c2d9  _Z9Switch_Inv                                                                                                                                                   
00019e65  _Z9UART_Initv                                                                                                                                                   
0001bdfd  _ZN10Projectile4initEssaaPKt                                                                                                                                    
00018119  _ZN10Projectile6updateEaaP7PokemonS1_                                                                                                                           
0001774d  _ZN5Berry11updateBerryEP7PokemonS1_                                                                                                                             
00018c59  _ZN5Berry12spawnBerriesEP7PokemonS1_                                                                                                                            
0001c44b  _ZN5BerryC1Eiib                                                                                                                                                 
0001c44b  _ZN5BerryC2Eiib                                                                                                                                                 
00019345  _ZN7Pokemon13IsOverlappingEPS_ii                                                                                                                                
0001b4d9  _ZN7Pokemon17updateProjectilesEPS_S0_                                                                                                                           
0001bbf1  _ZN7Pokemon4DrawEv                                                                                                                                              
00017a2d  _ZN7Pokemon4MoveEttPS_                                                                                                                                          
00017cd9  _ZN7Pokemon6AttackEPKt                                                                                                                                          
0001a119  _ZN7Pokemon6DeleteEv                                                                                                                                            
0001c6a5  _ZN7Pokemon8ChangevxEa                                                                                                                                          
0001c6b7  _ZN7Pokemon8ChangevyEa                                                                                                                                          
00019789  _ZN7PokemonC1EiiPiS0_PA2_PKtS2_S2_iaaahh                                                                                                                        
00019789  _ZN7PokemonC2EiiPiS0_PA2_PKtS2_S2_iaaahh                                                                                                                        
0001c46f  _ZN8Outliner4DrawEv                                                                                                                                             
00019a91  _ZN8Outliner4MoveEv                                                                                                                                             
0001c493  _ZN8Outliner6DeleteEv                                                                                                                                           
0001bc35  _ZN8OutlinerC1EiiiiPKtS1_hPK5State                                                                                                                              
0001bc35  _ZN8OutlinerC2EiiiiPKtS1_hPK5State                                                                                                                              
0001ae41  _ZN8SlidePot4InitEv                                                                                                                                             
0001c55b  _ZN8SlidePotC1Ejj                                                                                                                                               
0001c55b  _ZN8SlidePotC2Ejj                                                                                                                                               
0001c5cd  _ZNSt3__16__math5atan2B8nn180100IiEEddd                                                                                                                         
0001be79  _ZNSt3__16__math5atan2B8nn180100IssTnNS_9enable_ifIXaasr13is_arithmeticIT_EE5valuesr13is_arithmeticIT0_EE5valueEiE4typeELi0EEENS_9__promoteIS3_S4_vE4typeES3_S4_
20200688  __CIOBUF_                                                                                                                                                       
20208000  __STACK_END                                                                                                                                                     
00000200  __STACK_SIZE                                                                                                                                                    
00000200  __SYSMEM_SIZE                                                                                                                                                   
00000000  __TI_ATRegion0_region_sz                                                                                                                                        
00000000  __TI_ATRegion0_src_addr                                                                                                                                         
00000000  __TI_ATRegion0_trg_addr                                                                                                                                         
00000000  __TI_ATRegion1_region_sz                                                                                                                                        
00000000  __TI_ATRegion1_src_addr                                                                                                                                         
00000000  __TI_ATRegion1_trg_addr                                                                                                                                         
00000000  __TI_ATRegion2_region_sz                                                                                                                                        
00000000  __TI_ATRegion2_src_addr                                                                                                                                         
00000000  __TI_ATRegion2_trg_addr                                                                                                                                         
0001c984  __TI_CINIT_Base                                                                                                                                                 
0001c994  __TI_CINIT_Limit                                                                                                                                                
0001c994  __TI_CINIT_Warm                                                                                                                                                 
0001c970  __TI_Handler_Table_Base                                                                                                                                         
0001c97c  __TI_Handler_Table_Limit                                                                                                                                        
0001b8ed  __TI_auto_init_nobinit                                                                                                                                          
0001c0e1  __TI_cleanup                                                                                                                                                    
2020040c  __TI_cleanup_ptr                                                                                                                                                
0001aebd  __TI_closefile                                                                                                                                                  
0001af39  __TI_decompress_lzss                                                                                                                                            
0001c6db  __TI_decompress_none                                                                                                                                            
0001b941  __TI_doflush                                                                                                                                                    
20200410  __TI_dtors_ptr                                                                                                                                                  
20200434  __TI_ft_end                                                                                                                                                     
ffffffff  __TI_pprof_out_hndl                                                                                                                                             
ffffffff  __TI_prof_data_size                                                                                                                                             
ffffffff  __TI_prof_data_start                                                                                                                                            
0001c115  __TI_readmsg                                                                                                                                                    
00000000  __TI_static_base__                                                                                                                                              
202007a8  __TI_tmpnams                                                                                                                                                    
0001c149  __TI_writemsg                                                                                                                                                   
0001c679  __TI_zero_init_nomemset                                                                                                                                         
0001866f  __adddf3                                                                                                                                                        
0001a2e3  __addsf3                                                                                                                                                        
[...]
0001c579  UART2_IRQHandler                                                                                                                                                
0001c579  UART3_IRQHandler                                                                                                                                                
0001c595  HardFault_Handler                                                                                                                                               
0001c5b1  _Z10Sound_Stopv                                                                                                                                                 
0001c5cd  _ZNSt3__16__math5atan2B8nn180100IiEEddd                                                                                                                         
0001c605  _Z11Randomagainj                                                                                                                                                
0001c61d  _Z6Randomj                                                                                                                                                      
0001c64d  _Z11ST7735_openPKcji                                                                                                                                            
0001c663  _Z11ST7735_readiPcj                                                                                                                                             
0001c679  __TI_zero_init_nomemset                                                                                                                                         
0001c691  _Z19ST7735_SetTextColort                                                                                                                                        
0001c6a5  _ZN7Pokemon8ChangevxEa                                                                                                                                          
0001c6b7  _ZN7Pokemon8ChangevyEa                                                                                                                                          
0001c6c9  TI_memcpy_small                                                                                                                                                 
0001c6db  __TI_decompress_none                                                                                                                                            
0001c6fd  _Z11Clock_Delayj                                                                                                                                                
0001c70d  _Z28TExaS_LaunchPadLogicPB27PB26v                                                                                                                               
0001c72b  _Z12ST7735_lseekili                                                                                                                                             
0001c755  TI_memset_small                                                                                                                                                 
0001c765  _Z10Clock_Freqv                                                                                                                                                 
0001c771  _Z13ST7735_renamePKcS0_                                                                                                                                         
0001c77d  _Z15Joystick1_ReadXv                                                                                                                                            
0001c789  _Z15Joystick1_ReadYv                                                                                                                                            
0001c795  _Z15Joystick2_ReadXv                                                                                                                                            
0001c7a1  _Z15Joystick2_ReadYv                                                                                                                                            
0001c7ad  __aeabi_memclr                                                                                                                                                  
0001c7ad  __aeabi_memclr4                                                                                                                                                 
0001c7ad  __aeabi_memclr8                                                                                                                                                 
0001c7b9  malloc                                                                                                                                                          
0001c7e1  _Z12ST7735_closei                                                                                                                                               
0001c7eb  _Z13ST7735_unlinkPKc                                                                                                                                            
0001c7f5  _Z8PLL_Initv                                                                                                                                                    
0001c807  remove                                                                                                                                                          
0001c825  Reset_Handler                                                                                                                                                   
0001c829  _system_pre_init                                                                                                                                                
0001c82c  C$$EXIT                                                                                                                                                         
0001c82d  abort                                                                                                                                                           
0001c970  __TI_Handler_Table_Base                                                                                                                                         
0001c97c  __TI_Handler_Table_Limit                                                                                                                                        
0001c984  __TI_CINIT_Base                                                                                                                                                 
0001c994  __TI_CINIT_Limit                                                                                                                                                
0001c994  __TI_CINIT_Warm                                                                                                                                                 
20200000  __start___llvm_prf_bits                                                                                                                                         
20200000  __start___llvm_prf_cnts                                                                                                                                         
20200000  __stop___llvm_prf_bits                                                                                                                                          
20200000  __stop___llvm_prf_cnts                                                                                                                                          
20200000  _ftable                                                                                                                                                         
202000f0  P1                                                                                                                                                              
20200168  P2                                                                                                                                                              
202001e0  _device                                                                                                                                                         
20200258  _stream                                                                                                                                                         
202002a8  shots                                                                                                                                                           
202002e4  bulbaFrames                                                                                                                                                     
20200304  charmanderFrames                                                                                                                                                
20200324  pikachuFrames                                                                                                                                                   
20200344  squirtleFrames                                                                                                                                                  
20200364  Sensor                                                                                                                                                          
20200378  bulbaFramesHeight                                                                                                                                               
20200388  bulbaFramesWidth                                                                                                                                                
20200398  charmanderFramesHeight                                                                                                                                          
202003a8  charmanderFramesWidth                                                                                                                                           
202003b8  pikachuFramesHeight                                                                                                                                             
202003c8  pikachuFramesWidth                                                                                                                                              
202003d8  squirtleFramesHeight                                                                                                                                            
202003e8  squirtleFramesWidth                                                                                                                                             
202003f8  shotspeeddx                                                                                                                                                     
20200402  shotspeeddy                                                                                                                                                     
2020040c  __TI_cleanup_ptr                                                                                                                                                
20200410  __TI_dtors_ptr                                                                                                                                                  
20200414  BusFreq                                                                                                                                                         
20200418  Flag                                                                                                                                                            
2020041c  G12Count                                                                                                                                                        
20200420  LEDtimer                                                                                                                                                        
20200424  M                                                                                                                                                               
20200428  R                                                                                                                                                               
2020042c  StX                                                                                                                                                             
20200430  StY                                                                                                                                                             
20200434  __TI_ft_end                                                                                                                                                     
20200438  _lock                                                                                                                                                           
2020043c  _unlock                                                                                                                                                         
20200440  input                                                                                                                                                           
20200444  p1AttackTicks                                                                                                                                                   
20200448  p1AttackTimer                                                                                                                                                   
2020044c  p1SpecialTimer                                                                                                                                                  
20200450  p2AttackTicks                                                                                                                                                   
20200454  p2AttackTimer                                                                                                                                                   
20200458  p2SpecialTimer                                                                                                                                                  
2020045c  soundCount                                                                                                                                                      
20200460  soundIndex                                                                                                                                                      
20200464  soundPointer                                                                                                                                                    
20200468  J1X                                                                                                                                                             
2020046a  J1Y                                                                                                                                                             
2020046c  J2X                                                                                                                                                             
2020046e  J2Y                                                                                                                                                             
20200470  StTextColor                                                                                                                                                     
20200476  Switch                                                                                                                                                          
20200477  p1SpecialCountdown                                                                                                                                              
20200479  p2SpecialCountdown                                                                                                                                              
20200488  _sys_memory                                                                                                                                                     
20200688  _CIOBUF_                                                                                                                                                        
20200688  __CIOBUF_                                                                                                                                                       
202007a8  __TI_tmpnams                                                                                                                                                    
20200848  Message                                                                                                                                                         
20200854  parmbuf                                                                                                                                                         
2020085c  Messageindex                                                                                                                                                    
20200860  TExaSLogic                                                                                                                                                      
20200864  TExaSadc                                                                                                                                                        
20207e00  __stack                                                                                                                                                         
20208000  __STACK_END                                                                                                                                                     
ffffffff  __TI_pprof_out_hndl                                                                                                                                             
ffffffff  __TI_prof_data_size                                                                                                                                             
ffffffff  __TI_prof_data_start                                                                                                                                            
ffffffff  __binit__                                                                                                                                                       
ffffffff  binit                                                                                                                                                           
UNDEFED   __mpu_init                                                                                                                                                      
UNDEFED   _system_post_cinit                                                                                                                                              

[329 symbols]
